d=16 n=64
  oracle                   mse=0.0000±0.0000 med=0.0000 succ=1.00 ov=1.0
  zero                     mse=1.0015±0.0320 med=0.9085 succ=0.00 ov=None
  linear_ridge             mse=1.0827±0.0359 med=1.0375 succ=0.00 ov=None
  rf4096_relu_ridge        mse=1.0727±0.0415 med=0.9832 succ=0.00 ov=None
  rf4096_link_ridge        mse=0.8953±0.0286 med=0.8312 succ=0.00 ov=None
  rbf_krr                  mse=1.0462±0.0364 med=0.9746 succ=0.00 ov=None
  poly3_krr                mse=1.0591±0.0355 med=0.9399 succ=0.00 ov=None
  mlp_extra_layer          mse=1.7025±0.0877 med=1.4916 succ=0.00 ov=None
  bp_adam_64x3             mse=0.0108±0.0010 med=0.0088 succ=1.00 ov=0.998
  bp_gd_64x3               mse=0.3496±0.1530 med=0.0130 succ=0.73 ov=0.951
  bp_lm_64                 mse=0.2440±0.1452 med=0.0090 succ=0.94 ov=0.978
  pc_alm_gradact_1x2       mse=8.9988±1.0444 med=6.0331 succ=0.03 ov=0.128
  pc_alm_gradact_8x2       mse=4.1644±0.7451 med=1.7569 succ=0.27 ov=0.575
  pc_alm_8x2               mse=0.0113±0.0009 med=0.0092 succ=1.00 ov=0.998
  bp_gd_8x3                mse=1.2021±0.1916 med=0.9145 succ=0.36 ov=0.662
  bp_adam_8x3              mse=1.2251±0.3499 med=0.0117 succ=0.70 ov=0.834
  bp_lm_8                  mse=2.7100±0.5080 med=1.4947 succ=0.38 ov=0.665
  bp_lm_1                  mse=5.0466±0.6619 med=3.3879 succ=0.05 ov=0.203
  pc_alm_1x2               mse=0.0330±0.0127 med=0.0104 succ=0.94 ov=0.996
  pc_alm_rho1_single       mse=0.6565±0.2698 med=0.0104 succ=0.89 ov=0.925
  pc_penalty_cont          mse=8.1867±1.2927 med=4.6282 succ=0.03 ov=0.386
  altmin_rho1e-3           mse=1.7860±0.1757 med=1.3980 succ=0.00 ov=0.59
  hybrid_transform_only    mse=0.5345±0.0374 med=0.4851 succ=0.00 ov=0.903
  hybrid_transform_lm      mse=0.0768±0.0331 med=0.0090 succ=0.94 ov=0.984
  time: {'linear_ridge': 0.19, 'rf4096_relu': 0.26, 'rf4096_link': 0.28, 'rbf_krr': 0.45, 'poly3_krr': 0.1, 'mlp_extra_layer': 1.09, 'bp_adam_64x3': 0.11, 'bp_gd_64x3': 0.06, 'bp_lm_64': 0.3, 'pc_alm_official_grad': 0.78, 'pc_alm_official_grad_R': 0.77, 'pc_alm_8x2': 0.49, 'bp_gd': 0.07, 'bp_adam': 0.1, 'bp_lm': 0.08, 'bp_lm_1': 0.06, 'pc_alm': 0.42, 'pc_alm_rho1': 0.22, 'pc_penalty': 0.21, 'altmin': 0.21, 'hybrid': 0.08}
d=32 n=128
  oracle                   mse=0.0000±0.0000 med=0.0000 succ=1.00 ov=1.0
  zero                     mse=0.9384±0.0235 med=0.8995 succ=0.00 ov=None
  linear_ridge             mse=1.0304±0.0261 med=0.9717 succ=0.00 ov=None
  rf4096_relu_ridge        mse=0.9509±0.0238 med=0.9097 succ=0.00 ov=None
  rf4096_link_ridge        mse=0.9224±0.0222 med=0.8794 succ=0.00 ov=None
  rbf_krr                  mse=0.9625±0.0256 med=0.9095 succ=0.00 ov=None
  poly3_krr                mse=0.9673±0.0252 med=0.9295 succ=0.00 ov=None
  mlp_extra_layer          mse=1.4824±0.0643 med=1.2949 succ=0.00 ov=None
  bp_adam_64x3             mse=0.2926±0.0965 med=0.0102 succ=0.83 ov=0.946
  bp_gd_64x3               mse=0.8277±0.1250 med=0.3763 succ=0.34 ov=0.807
  bp_lm_64                 mse=1.4145±0.2432 med=0.0171 succ=0.55 ov=0.785
  pc_alm_gradact_1x2       mse=10.5054±1.4681 med=7.7227 succ=0.00 ov=0.013
  pc_alm_gradact_8x2       mse=6.9898±0.6669 med=5.6203 succ=0.03 ov=0.252
  pc_alm_8x2               mse=0.0103±0.0006 med=0.0097 succ=1.00 ov=0.998
  bp_gd_8x3                mse=2.0062±0.1993 med=1.7228 succ=0.08 ov=0.48
  bp_adam_8x3              mse=2.5638±0.3745 med=1.6639 succ=0.31 ov=0.6
  bp_lm_8                  mse=3.7960±0.4609 med=2.9345 succ=0.14 ov=0.42
  bp_lm_1                  mse=5.5172±0.4982 med=4.0439 succ=0.00 ov=0.119
  pc_alm_1x2               mse=0.0302±0.0116 med=0.0101 succ=0.94 ov=0.996
  pc_alm_rho1_single       mse=0.4254±0.3485 med=0.0101 succ=0.94 ov=0.971
  pc_penalty_cont          mse=7.2446±0.6977 med=5.0469 succ=0.00 ov=0.421
  altmin_rho1e-3           mse=1.5611±0.1007 med=1.4283 succ=0.00 ov=0.587
  hybrid_transform_only    mse=0.5148±0.0307 med=0.4496 succ=0.00 ov=0.901
  hybrid_transform_lm      mse=0.0303±0.0206 med=0.0086 succ=0.98 ov=0.994
  time: {'linear_ridge': 0.25, 'rf4096_relu': 0.54, 'rf4096_link': 0.57, 'rbf_krr': 1.08, 'poly3_krr': 0.27, 'mlp_extra_layer': 0.43, 'bp_adam_64x3': 0.11, 'bp_gd_64x3': 0.1, 'bp_lm_64': 0.93, 'pc_alm_official_grad': 0.81, 'pc_alm_official_grad_R': 0.86, 'pc_alm_8x2': 0.91, 'bp_gd': 0.06, 'bp_adam': 0.1, 'bp_lm': 0.15, 'bp_lm_1': 0.08, 'pc_alm': 0.46, 'pc_alm_rho1': 0.23, 'pc_penalty': 0.23, 'altmin': 0.24, 'hybrid': 0.09}
d=64 n=256
  oracle                   mse=0.0000±0.0000 med=0.0000 succ=1.00 ov=1.0
  zero                     mse=0.9743±0.0262 med=0.9361 succ=0.00 ov=None
  linear_ridge             mse=1.1157±0.0293 med=1.0704 succ=0.00 ov=None
  rf4096_relu_ridge        mse=0.9785±0.0262 med=0.9372 succ=0.00 ov=None
  rf4096_link_ridge        mse=0.9784±0.0261 med=0.9423 succ=0.00 ov=None
  rbf_krr                  mse=0.9815±0.0262 med=0.9380 succ=0.00 ov=None
  poly3_krr                mse=0.9850±0.0267 med=0.9433 succ=0.00 ov=None
  mlp_extra_layer          mse=1.4151±0.0527 med=1.3005 succ=0.00 ov=None
  bp_adam_64x3             mse=1.1738±0.1726 med=0.7739 succ=0.34 ov=0.785
  bp_gd_64x3               mse=1.7911±0.1275 med=1.6000 succ=0.03 ov=0.555
  bp_lm_64                 mse=3.5411±0.2761 med=2.8842 succ=0.02 ov=0.469
  pc_alm_gradact_1x2       mse=11.0331±0.7653 med=9.5601 succ=0.00 ov=0.024
  pc_alm_gradact_8x2       mse=8.7822±0.5507 med=8.1278 succ=0.00 ov=0.111
  pc_alm_8x2               mse=0.0110±0.0005 med=0.0099 succ=1.00 ov=0.998
  bp_gd_8x3                mse=2.3542±0.1180 med=2.1897 succ=0.00 ov=0.313
  bp_adam_8x3              mse=2.4484±0.1795 med=2.2936 succ=0.06 ov=0.49
  bp_lm_8                  mse=4.7771±0.3217 med=4.0819 succ=0.00 ov=0.262
  bp_lm_1                  mse=4.4364±0.2292 med=4.0350 succ=0.00 ov=0.111
  pc_alm_1x2               mse=0.0268±0.0087 med=0.0112 succ=0.95 ov=0.996
  pc_alm_rho1_single       mse=0.1404±0.0774 med=0.0112 succ=0.95 ov=0.976
  pc_penalty_cont          mse=6.6863±0.4189 med=5.8386 succ=0.00 ov=0.411
  altmin_rho1e-3           mse=1.7222±0.1068 med=1.4929 succ=0.00 ov=0.552
  hybrid_transform_only    mse=0.5016±0.0209 med=0.4567 succ=0.00 ov=0.906
  hybrid_transform_lm      mse=0.0188±0.0087 med=0.0095 succ=0.98 ov=0.996
  time: {'linear_ridge': 0.37, 'rf4096_relu': 0.93, 'rf4096_link': 0.97, 'rbf_krr': 1.65, 'poly3_krr': 0.42, 'mlp_extra_layer': 0.94, 'bp_adam_64x3': 0.34, 'bp_gd_64x3': 0.32, 'bp_lm_64': 4.84, 'pc_alm_official_grad': 0.96, 'pc_alm_official_grad_R': 1.19, 'pc_alm_8x2': 2.0, 'bp_gd': 0.15, 'bp_adam': 0.16, 'bp_lm': 0.71, 'bp_lm_1': 0.21, 'pc_alm': 0.63, 'pc_alm_rho1': 0.31, 'pc_penalty': 0.31, 'altmin': 0.31, 'hybrid': 0.23}
d=128 n=512
  oracle                   mse=0.0000±0.0000 med=0.0000 succ=1.00 ov=1.0
  zero                     mse=0.9535±0.0210 med=0.9244 succ=0.00 ov=None
  linear_ridge             mse=1.1655±0.0297 med=1.1443 succ=0.00 ov=None
  rf4096_relu_ridge        mse=0.9569±0.0210 med=0.9239 succ=0.00 ov=None
  rf4096_link_ridge        mse=0.9574±0.0209 med=0.9271 succ=0.00 ov=None
  rbf_krr                  mse=0.9584±0.0213 med=0.9242 succ=0.00 ov=None
  poly3_krr                mse=0.9585±0.0210 med=0.9314 succ=0.00 ov=None
  mlp_extra_layer          mse=1.3802±0.0641 med=1.2856 succ=0.00 ov=None
  bp_adam_64x3             mse=2.2389±0.1159 med=1.9167 succ=0.00 ov=0.502
  bp_gd_64x3               mse=2.1347±0.0764 med=2.0477 succ=0.00 ov=0.334
  bp_lm_64                 mse=4.3745±0.2371 med=3.9399 succ=0.00 ov=0.305
  pc_alm_gradact_1x2       mse=10.2510±0.4641 med=9.3376 succ=0.00 ov=0.01
  pc_alm_gradact_8x2       mse=9.7715±0.4528 med=9.1332 succ=0.00 ov=0.062
  pc_alm_8x2               mse=0.0104±0.0003 med=0.0101 succ=1.00 ov=0.998
  bp_gd_8x3                mse=2.1985±0.0718 med=2.0225 succ=0.00 ov=0.243
  bp_adam_8x3              mse=2.6731±0.1362 med=2.6084 succ=0.00 ov=0.386
  bp_lm_8                  mse=4.9570±0.2478 med=4.7012 succ=0.00 ov=0.198
  bp_lm_1                  mse=4.5457±0.2113 med=4.2428 succ=0.00 ov=0.104
  pc_alm_1x2               mse=0.0118±0.0004 med=0.0109 succ=1.00 ov=0.998
  pc_alm_rho1_single       mse=0.0118±0.0004 med=0.0109 succ=1.00 ov=0.998
  pc_penalty_cont          mse=6.4941±0.3331 med=6.0502 succ=0.00 ov=0.405
  altmin_rho1e-3           mse=1.6302±0.0573 med=1.5283 succ=0.00 ov=0.554
  hybrid_transform_only    mse=0.5062±0.0153 med=0.5011 succ=0.00 ov=0.905
  hybrid_transform_lm      mse=0.0095±0.0003 med=0.0090 succ=1.00 ov=0.998
  time: {'linear_ridge': 0.74, 'rf4096_relu': 1.96, 'rf4096_link': 2.01, 'rbf_krr': 3.42, 'poly3_krr': 0.87, 'mlp_extra_layer': 2.83, 'bp_adam_64x3': 1.02, 'bp_gd_64x3': 0.98, 'bp_lm_64': 27.35, 'pc_alm_official_grad': 1.39, 'pc_alm_official_grad_R': 2.37, 'pc_alm_8x2': 4.68, 'bp_gd': 0.53, 'bp_adam': 0.54, 'bp_lm': 3.81, 'bp_lm_1': 0.68, 'pc_alm': 1.27, 'pc_alm_rho1': 0.63, 'pc_penalty': 0.63, 'altmin': 0.64, 'hybrid': 0.7}
d=256 n=1024
  oracle                   mse=0.0000±0.0000 med=0.0000 succ=1.00 ov=1.0
  zero                     mse=0.9968±0.0200 med=0.9789 succ=0.00 ov=None
  linear_ridge             mse=1.2421±0.0196 med=1.2407 succ=0.00 ov=None
  rf4096_relu_ridge        mse=0.9982±0.0200 med=0.9788 succ=0.00 ov=None
  rf4096_link_ridge        mse=0.9975±0.0200 med=0.9788 succ=0.00 ov=None
  rbf_krr                  mse=0.9984±0.0201 med=0.9798 succ=0.00 ov=None
  poly3_krr                mse=1.0003±0.0200 med=0.9823 succ=0.00 ov=None
  mlp_extra_layer          mse=1.3523±0.0204 med=1.3409 succ=0.00 ov=None
  bp_adam_64x3             mse=2.9760±0.1055 med=2.9004 succ=0.00 ov=0.288
  bp_gd_64x3               mse=2.2996±0.0672 med=2.3076 succ=0.00 ov=0.219
  bp_lm_64                 mse=4.8726±0.1651 med=4.7426 succ=0.00 ov=0.19
  pc_alm_gradact_1x2       mse=9.4802±0.3639 med=8.9710 succ=0.00 ov=0.004
  pc_alm_gradact_8x2       mse=9.9652±0.3631 med=9.1300 succ=0.00 ov=0.025
  pc_alm_8x2               mse=0.0103±0.0002 med=0.0102 succ=1.00 ov=0.998
  bp_gd_8x3                mse=2.4456±0.0724 med=2.4285 succ=0.00 ov=0.164
  bp_adam_8x3              mse=2.9356±0.0919 med=2.9920 succ=0.00 ov=0.221
  bp_lm_8                  mse=5.2120±0.1908 med=4.9561 succ=0.00 ov=0.13
  bp_lm_1                  mse=4.6229±0.1646 med=4.4361 succ=0.00 ov=0.073
  pc_alm_1x2               mse=0.0112±0.0003 med=0.0105 succ=1.00 ov=0.998
  pc_alm_rho1_single       mse=0.0112±0.0003 med=0.0105 succ=1.00 ov=0.998
  pc_penalty_cont          mse=6.4308±0.2382 med=6.1218 succ=0.00 ov=0.402
  altmin_rho1e-3           mse=1.4863±0.0334 med=1.4409 succ=0.00 ov=0.577
  hybrid_transform_only    mse=0.5330±0.0130 med=0.5106 succ=0.00 ov=0.903
  hybrid_transform_lm      mse=0.0089±0.0002 med=0.0089 succ=1.00 ov=0.999
  time: {'linear_ridge': 1.88, 'rf4096_relu': 4.7, 'rf4096_link': 4.81, 'rbf_krr': 8.57, 'poly3_krr': 2.22, 'mlp_extra_layer': 9.97, 'bp_adam_64x3': 3.91, 'bp_gd_64x3': 3.83, 'bp_lm_64': 181.84, 'pc_alm_official_grad': 2.87, 'pc_alm_official_grad_R': 8.29, 'pc_alm_8x2': 13.24, 'bp_gd': 1.75, 'bp_adam': 1.76, 'bp_lm': 23.96, 'bp_lm_1': 3.49, 'pc_alm': 3.33, 'pc_alm_rho1': 1.68, 'pc_penalty': 1.65, 'altmin': 1.66, 'hybrid': 3.4}
DONE
