d=32 n=256 r=2
  oracle                   mse=0.0000±0.0000 med=0.0000 succ=1.00 ov=1.0
  zero                     mse=0.9897±0.0305 med=0.9370 succ=0.00 ov=None
  linear_ridge             mse=1.0649±0.0312 med=1.0173 succ=0.00 ov=None
  poly3_krr                mse=1.0110±0.0298 med=0.9810 succ=0.00 ov=None
  bp_adam_128x3            mse=0.0073±0.0003 med=0.0073 succ=1.00 ov=0.999
  bp_gd_128x3              mse=0.3808±0.1316 med=0.0303 succ=0.56 ov=0.915
  bp_gd_8x3                mse=1.2815±0.1204 med=1.1295 succ=0.03 ov=0.641
  bp_adam_8x3              mse=0.8441±0.1560 med=0.7538 succ=0.44 ov=0.792
  bp_lm_8                  mse=1.5534±0.2569 med=1.3976 succ=0.28 ov=0.662
  pc_alm_1x2               mse=0.6067±0.2207 med=0.0080 succ=0.72 ov=0.89
  pc_alm_8x2               mse=0.0076±0.0003 med=0.0074 succ=1.00 ov=0.999
  pc_penalty_cont          mse=3.0026±0.2377 med=2.8210 succ=0.00 ov=0.473
  altmin                   mse=4.8773±0.3495 med=4.3722 succ=0.00 ov=0.259
  hybrid_transform_only    mse=15.3667±1.4064 med=12.6748 succ=0.00 ov=0.673
  hybrid_transform_lm_8    mse=0.0662±0.0590 med=0.0073 succ=0.97 ov=0.988
  time: {'closed': 0.46, 'bp_adam_128x3': 0.8, 'bp_gd_128x3': 0.73, 'bp_gd': 0.15, 'bp_adam': 0.19, 'bp_lm': 0.75, 'pc_alm': 1.25, 'pc_alm_R': 3.23, 'pc_pen': 0.62, 'altmin': 0.62, 'hybrid': 0.79}
d=64 n=512 r=2
  oracle                   mse=0.0000±0.0000 med=0.0000 succ=1.00 ov=1.0
  zero                     mse=0.9793±0.0242 med=0.9780 succ=0.00 ov=None
  linear_ridge             mse=1.0719±0.0263 med=1.0646 succ=0.00 ov=None
  poly3_krr                mse=0.9850±0.0242 med=0.9786 succ=0.00 ov=None
  bp_adam_128x3            mse=0.1273±0.0675 med=0.0075 succ=0.88 ov=0.966
  bp_gd_128x3              mse=1.0788±0.0972 med=1.2212 succ=0.16 ov=0.675
  bp_gd_8x3                mse=1.5354±0.1021 med=1.5068 succ=0.03 ov=0.468
  bp_adam_8x3              mse=1.1780±0.1554 med=1.2845 succ=0.28 ov=0.687
  bp_lm_8                  mse=2.5131±0.1566 med=2.3636 succ=0.03 ov=0.415
  pc_alm_1x2               mse=0.6158±0.1700 med=0.0080 succ=0.66 ov=0.871
  pc_alm_8x2               mse=0.0076±0.0003 med=0.0074 succ=1.00 ov=0.999
  pc_penalty_cont          mse=3.8063±0.2595 med=3.6903 succ=0.00 ov=0.313
  altmin                   mse=4.5810±0.2124 med=4.4580 succ=0.00 ov=0.235
  hybrid_transform_only    mse=15.8927±1.2197 med=14.6998 succ=0.00 ov=0.654
  hybrid_transform_lm_8    mse=0.1041±0.0684 med=0.0072 succ=0.94 ov=0.984
  time: {'closed': 0.79, 'bp_adam_128x3': 2.72, 'bp_gd_128x3': 2.65, 'bp_gd': 0.34, 'bp_adam': 0.36, 'bp_lm': 3.45, 'pc_alm': 1.32, 'pc_alm_R': 6.25, 'pc_pen': 0.71, 'altmin': 0.73, 'hybrid': 3.54}
d=128 n=1024 r=2
  oracle                   mse=0.0000±0.0000 med=0.0000 succ=1.00 ov=1.0
  zero                     mse=1.0102±0.0254 med=0.9852 succ=0.00 ov=None
  linear_ridge             mse=1.1280±0.0255 med=1.0996 succ=0.00 ov=None
  poly3_krr                mse=1.0155±0.0253 med=0.9955 succ=0.00 ov=None
  bp_adam_128x3            mse=1.4455±0.1545 med=1.4192 succ=0.16 ov=0.622
  bp_gd_128x3              mse=1.8089±0.0742 med=1.8120 succ=0.00 ov=0.379
  bp_gd_8x3                mse=2.1403±0.0954 med=2.0222 succ=0.00 ov=0.265
  bp_adam_8x3              mse=2.0889±0.1353 med=2.1785 succ=0.03 ov=0.407
  bp_lm_8                  mse=3.3813±0.1272 med=3.1394 succ=0.00 ov=0.232
  pc_alm_1x2               mse=0.5333±0.1444 med=0.0085 succ=0.66 ov=0.912
  pc_alm_8x2               mse=0.0073±0.0003 med=0.0070 succ=1.00 ov=0.999
  pc_penalty_cont          mse=4.1202±0.1549 med=3.9464 succ=0.00 ov=0.303
  altmin                   mse=4.1154±0.1996 med=3.8497 succ=0.00 ov=0.174
  hybrid_transform_only    mse=14.0804±0.9379 med=13.3856 succ=0.00 ov=0.652
  hybrid_transform_lm_8    mse=0.0864±0.0793 med=0.0067 succ=0.97 ov=0.987
  time: {'closed': 1.99, 'bp_adam_128x3': 10.14, 'bp_gd_128x3': 10.01, 'bp_gd': 1.17, 'bp_adam': 1.27, 'bp_lm': 35.35, 'pc_alm': 9.69, 'pc_alm_R': 36.55, 'pc_pen': 3.01, 'altmin': 3.46, 'hybrid': 35.99}
DONE
