graph_pubmed_gcn d=32 n=128 mean-kurtosis=17.19
  oracle                   nmse=0.0000±0.0000 med=0.0000 succ=1.00 ov=1.0
  zero                     nmse=1.0017±0.0004 med=1.0005 succ=0.00 ov=None
  linear_ridge             nmse=1.5885±0.3721 med=0.9976 succ=0.00 ov=None
  rf4096_relu_ridge        nmse=1.1548±0.0915 med=0.9978 succ=0.00 ov=None
  rf4096_link_ridge        nmse=3.2346±0.9211 med=0.8140 succ=0.00 ov=None
  rbf_krr                  nmse=1.0079±0.0184 med=0.9985 succ=0.00 ov=None
  poly3_krr                nmse=0.9752±0.0401 med=0.9874 succ=0.00 ov=None
  mlp_extra_layer          nmse=1.3586±0.1534 med=1.0096 succ=0.00 ov=None
  bp_adam_64x3             nmse=10.3311±3.5464 med=0.9114 succ=0.03 ov=0.68
  bp_gd_64x3               nmse=15275489534735792.0000±9889336283176644.0000 med=28.1164 succ=0.00 ov=0.258
  bp_lm_64                 nmse=2.6894±1.1063 med=0.2506 succ=0.22 ov=0.916
  pc_alm_1x2               nmse=0.7167±0.2477 med=0.1084 succ=0.41 ov=0.973
  pc_alm_gradact_1x2       nmse=1630.5660±744.2990 med=24.8515 succ=0.00 ov=0.25
  pc_alm_8x2               nmse=0.1099±0.0474 med=0.0207 succ=0.67 ov=0.995
  pc_alm_gradact_8x2       nmse=2621.0834±1770.0099 med=14.1137 succ=0.00 ov=0.445
  pc_penalty_cont          nmse=356.5629±127.3790 med=16.0269 succ=0.00 ov=0.465
  altmin                   nmse=47.6340±27.1255 med=2.1484 succ=0.00 ov=0.643
  hybrid_transform_lm      nmse=1.6588±0.9209 med=0.0589 succ=0.41 ov=0.971
  time: {'linear_ridge': 0.81, 'rf4096_relu': 1.34, 'rf4096_link': 1.4, 'rbf_krr': 3.78, 'poly3_krr': 0.76, 'mlp_extra_layer': 1.64, 'bp_adam_64x3': 0.32, 'bp_gd_64x3': 0.27, 'bp_lm_64': 4.02, 'pc_alm_1x2': 5.61, 'pc_alm_gradact_1x2': 5.56, 'pc_alm_8x2': 10.74, 'pc_alm_gradact_8x2': 5.09, 'pc_penalty_cont': 2.43, 'altmin': 2.48, 'hybrid_transform_lm': 2.05}
graph_pubmed_gcn d=64 n=256 mean-kurtosis=16.03
  oracle                   nmse=0.0000±0.0000 med=0.0000 succ=1.00 ov=1.0
  zero                     nmse=1.0012±0.0003 med=1.0003 succ=0.00 ov=None
  linear_ridge             nmse=1.4651±0.2174 med=0.9901 succ=0.00 ov=None
  rf4096_relu_ridge        nmse=1.0487±0.0452 med=0.9949 succ=0.00 ov=None
  rf4096_link_ridge        nmse=2.0576±0.5066 med=0.8063 succ=0.00 ov=None
  rbf_krr                  nmse=1.0252±0.0309 med=0.9978 succ=0.00 ov=None
  poly3_krr                nmse=1.0279±0.0772 med=0.9768 succ=0.00 ov=None
  mlp_extra_layer          nmse=1.1350±0.0747 med=1.0030 succ=0.00 ov=None
  bp_adam_64x3             nmse=16.5536±7.6679 med=1.6391 succ=0.02 ov=0.487
  bp_gd_64x3               nmse=1100429804744535936.0000±938169759503370624.0000 med=632631455861512.1250 succ=0.00 ov=0.17
  bp_lm_64                 nmse=43.6598±16.7726 med=2.2563 succ=0.06 ov=0.763
  pc_alm_1x2               nmse=1.8865±0.8778 med=0.1642 succ=0.34 ov=0.973
  pc_alm_gradact_1x2       nmse=5498.0652±2133.8752 med=68.4598 succ=0.00 ov=0.247
  pc_alm_8x2               nmse=4.2557±3.9256 med=0.0316 succ=0.61 ov=0.991
  pc_alm_gradact_8x2       nmse=7370.8920±3209.7487 med=83.3715 succ=0.00 ov=0.295
  pc_penalty_cont          nmse=1233.2679±645.3580 med=40.8173 succ=0.00 ov=0.46
  altmin                   nmse=577.4234±282.1333 med=4.2713 succ=0.02 ov=0.57
  hybrid_transform_lm      nmse=0.9590±0.4268 med=0.1994 succ=0.27 ov=0.97
  time: {'linear_ridge': 0.9, 'rf4096_relu': 1.6, 'rf4096_link': 1.8, 'rbf_krr': 4.38, 'poly3_krr': 1.11, 'mlp_extra_layer': 2.25, 'bp_adam_64x3': 0.84, 'bp_gd_64x3': 0.77, 'bp_lm_64': 13.95, 'pc_alm_1x2': 6.43, 'pc_alm_gradact_1x2': 5.01, 'pc_alm_8x2': 11.87, 'pc_alm_gradact_8x2': 3.81, 'pc_penalty_cont': 2.53, 'altmin': 2.53, 'hybrid_transform_lm': 1.68}
