cv_cifar10_resnet18 real-label binary d=32 n=32
  zero                     nmse=0.9977±0.0000
  linear_ridge             nmse=0.3811±0.0298
  rf4096_relu_ridge        nmse=0.3109±0.0135
  rf4096_link_ridge        nmse=0.3072±0.0137
  rbf_krr                  nmse=0.3281±0.0148
  poly3_krr                nmse=0.3351±0.0133
  mlp_extra_layer          nmse=0.4032±0.0145
  bp_adam_64x3             nmse=0.5676±0.0265
  bp_gd_64x3               nmse=0.5080±0.0252
  bp_lm_64                 nmse=1.5834±0.0659
  pc_alm_1x2               nmse=1.1449±0.0538
  pc_alm_gradact_1x2       nmse=1.1328±0.0540
  pc_alm_8x2               nmse=1.2016±0.0567
  pc_alm_gradact_8x2       nmse=1.2031±0.0559
  pc_penalty_cont          nmse=0.4408±0.0322
  altmin                   nmse=1.0653±0.0515
  hybrid_transform_lm      nmse=1.5834±0.0659
cv_cifar10_resnet18 real-label binary d=128 n=128
  zero                     nmse=0.9980±0.0001
  linear_ridge             nmse=0.3092±0.0119
  rf4096_relu_ridge        nmse=0.3017±0.0133
  rf4096_link_ridge        nmse=0.3042±0.0131
  rbf_krr                  nmse=0.2957±0.0125
  poly3_krr                nmse=0.3133±0.0119
  mlp_extra_layer          nmse=0.4096±0.0116
  bp_adam_64x3             nmse=0.6430±0.0184
  bp_gd_64x3               nmse=0.4576±0.0172
  bp_lm_64                 nmse=1.9030±0.0386
  pc_alm_1x2               nmse=1.3883±0.0332
  pc_alm_gradact_1x2       nmse=1.3928±0.0384
  pc_alm_8x2               nmse=1.4430±0.0368
  pc_alm_gradact_8x2       nmse=1.4390±0.0396
  pc_penalty_cont          nmse=0.6579±0.0316
  altmin                   nmse=1.3776±0.0390
  hybrid_transform_lm      nmse=1.9125±0.0389
DONE
