graph_pubmed_gcn real-label binary d=32 n=32
  zero                     nmse=0.9977±0.0000
  linear_ridge             nmse=0.9727±0.1115
  rf4096_relu_ridge        nmse=0.7600±0.0282
  rf4096_link_ridge        nmse=0.6876±0.0205
  rbf_krr                  nmse=0.7239±0.0345
  poly3_krr                nmse=0.7693±0.0176
  mlp_extra_layer          nmse=0.9282±0.0263
  bp_adam_64x3             nmse=1.0116±0.0288
  bp_gd_64x3               nmse=0.8905±0.0267
  bp_lm_64                 nmse=1.8370±0.0492
  pc_alm_1x2               nmse=1.4976±0.0374
  pc_alm_gradact_1x2       nmse=1.4985±0.0365
  pc_alm_8x2               nmse=1.5244±0.0352
  pc_alm_gradact_8x2       nmse=1.5342±0.0349
  pc_penalty_cont          nmse=0.9596±0.0281
  altmin                   nmse=1.4897±0.0362
  hybrid_transform_lm      nmse=1.8170±0.0487
graph_pubmed_gcn real-label binary d=128 n=128
  zero                     nmse=0.9981±0.0001
  linear_ridge             nmse=0.7573±0.1148
  rf4096_relu_ridge        nmse=0.6175±0.0152
  rf4096_link_ridge        nmse=0.6082±0.0145
  rbf_krr                  nmse=0.5768±0.0139
  poly3_krr                nmse=0.6301±0.0150
  mlp_extra_layer          nmse=0.8150±0.0164
  bp_adam_64x3             nmse=1.0899±0.0192
  bp_gd_64x3               nmse=0.8328±0.0205
  bp_lm_64                 nmse=1.8992±0.0245
  pc_alm_1x2               nmse=1.6541±0.0248
  pc_alm_gradact_1x2       nmse=1.6711±0.0252
  pc_alm_8x2               nmse=1.6557±0.0245
  pc_alm_gradact_8x2       nmse=1.6657±0.0248
  pc_penalty_cont          nmse=1.0644±0.0240
  altmin                   nmse=1.6159±0.0266
  hybrid_transform_lm      nmse=1.9245±0.0266
DONE
