/usr/local/lib/python3.12/dist-packages/torch/nn/modules/transformer.py:392: UserWarning: enable_nested_tensor is True, but self.use_nested_tensor is False because encoder_layer.norm_first was True
  warnings.warn(
/workspace/lifted_credit/exp_ttt_model_v2.py:191: UserWarning: Converting a tensor with requires_grad=True to a scalar may lead to unexpected behavior.
Consider using tensor.detach() first. (Triggered internally at /pytorch/torch/csrc/autograd/generated/python_variable_methods.cpp:835.)
  curve.append(dict(step=step, loss=float(loss), subspace_overlap=ov))
transformer step 0 loss 1.0627 overlap None
transformer step 100 loss 1.3772 overlap None
transformer step 200 loss 0.9532 overlap None
transformer step 300 loss 0.8834 overlap None
transformer step 400 loss 0.8303 overlap None
transformer step 500 loss 0.9550 overlap None
transformer step 600 loss 1.2253 overlap None
transformer step 700 loss 0.8682 overlap None
transformer step 800 loss 0.9076 overlap None
transformer step 900 loss 1.0767 overlap None
transformer step 1000 loss 0.7838 overlap None
transformer step 1100 loss 0.8074 overlap None
transformer step 1200 loss 0.9363 overlap None
transformer step 1300 loss 1.1227 overlap None
transformer step 1400 loss 1.1248 overlap None
transformer step 1500 loss 0.9092 overlap None
transformer step 1600 loss 0.7791 overlap None
transformer step 1700 loss 1.0179 overlap None
transformer step 1800 loss 1.2668 overlap None
transformer step 1900 loss 0.9716 overlap None
transformer step 2000 loss 0.9686 overlap None
transformer step 2100 loss 0.9252 overlap None
transformer step 2200 loss 1.1036 overlap None
transformer step 2300 loss 1.3174 overlap None
transformer step 2400 loss 1.2142 overlap None
transformer step 2500 loss 0.9291 overlap None
transformer step 2600 loss 1.0468 overlap None
transformer step 2700 loss 1.1988 overlap None
transformer step 2800 loss 0.9710 overlap None
transformer step 2900 loss 1.0362 overlap None
transformer step 3000 loss 0.8811 overlap None
transformer step 3100 loss 1.1565 overlap None
transformer step 3200 loss 1.0255 overlap None
transformer step 3300 loss 0.9979 overlap None
transformer step 3400 loss 0.8635 overlap None
transformer step 3500 loss 1.2205 overlap None
transformer step 3600 loss 0.9650 overlap None
transformer step 3700 loss 0.9618 overlap None
transformer step 3800 loss 0.9060 overlap None
transformer step 3900 loss 0.8609 overlap None
transformer step 4000 loss 1.2092 overlap None
transformer step 4100 loss 0.7432 overlap None
transformer step 4200 loss 0.9446 overlap None
transformer step 4300 loss 0.9785 overlap None
transformer step 4400 loss 0.9211 overlap None
transformer step 4500 loss 1.0410 overlap None
transformer step 4600 loss 0.8467 overlap None
transformer step 4700 loss 0.8377 overlap None
transformer step 4800 loss 0.9518 overlap None
transformer step 4900 loss 1.0275 overlap None
transformer step 5000 loss 0.9030 overlap None
transformer step 5100 loss 1.1487 overlap None
transformer step 5200 loss 1.0651 overlap None
transformer step 5300 loss 0.9438 overlap None
transformer step 5400 loss 1.0173 overlap None
transformer step 5500 loss 1.1921 overlap None
transformer step 5600 loss 0.9344 overlap None
transformer step 5700 loss 1.0597 overlap None
transformer step 5800 loss 0.8438 overlap None
transformer step 5900 loss 1.1522 overlap None
transformer step 6000 loss 0.8635 overlap None
transformer step 6100 loss 0.9838 overlap None
transformer step 6200 loss 1.2610 overlap None
transformer step 6300 loss 1.4488 overlap None
transformer step 6400 loss 0.9188 overlap None
transformer step 6500 loss 1.4021 overlap None
transformer step 6600 loss 0.9856 overlap None
transformer step 6700 loss 1.0502 overlap None
transformer step 6800 loss 0.9762 overlap None
transformer step 6900 loss 0.9077 overlap None
transformer step 7000 loss 1.3240 overlap None
transformer step 7100 loss 0.9780 overlap None
transformer step 7200 loss 0.9788 overlap None
transformer step 7300 loss 0.8008 overlap None
transformer step 7400 loss 1.0537 overlap None
transformer step 7500 loss 0.8215 overlap None
transformer step 7600 loss 1.1081 overlap None
transformer step 7700 loss 0.8655 overlap None
transformer step 7800 loss 1.0704 overlap None
transformer step 7900 loss 0.9453 overlap None
transformer step 8000 loss 0.6691 overlap None
transformer step 8100 loss 0.7822 overlap None
transformer step 8200 loss 1.5432 overlap None
transformer step 8300 loss 1.2062 overlap None
transformer step 8400 loss 0.9036 overlap None
transformer step 8500 loss 0.9829 overlap None
transformer step 8600 loss 1.0934 overlap None
transformer step 8700 loss 1.1531 overlap None
transformer step 8800 loss 1.0163 overlap None
transformer step 8900 loss 0.9644 overlap None
transformer step 9000 loss 1.2264 overlap None
transformer step 9100 loss 0.9087 overlap None
transformer step 9200 loss 0.9596 overlap None
transformer step 9300 loss 0.9794 overlap None
transformer step 9400 loss 1.0042 overlap None
transformer step 9500 loss 0.9203 overlap None
transformer step 9600 loss 0.8125 overlap None
transformer step 9700 loss 1.0654 overlap None
transformer step 9800 loss 0.9445 overlap None
transformer step 9900 loss 0.9026 overlap None
transformer step 10000 loss 0.9963 overlap None
transformer step 10100 loss 1.0143 overlap None
transformer step 10200 loss 0.8321 overlap None
transformer step 10300 loss 0.9195 overlap None
transformer step 10400 loss 0.9860 overlap None
transformer step 10500 loss 0.8383 overlap None
transformer step 10600 loss 1.1149 overlap None
transformer step 10700 loss 0.8978 overlap None
transformer step 10800 loss 1.1101 overlap None
transformer step 10900 loss 0.9305 overlap None
transformer step 11000 loss 1.0321 overlap None
transformer step 11100 loss 0.8016 overlap None
transformer step 11200 loss 0.9300 overlap None
transformer step 11300 loss 0.9680 overlap None
transformer step 11400 loss 1.0007 overlap None
transformer step 11500 loss 1.0326 overlap None
transformer step 11600 loss 0.8603 overlap None
transformer step 11700 loss 0.9936 overlap None
transformer step 11800 loss 0.9656 overlap None
transformer step 11900 loss 0.8161 overlap None
transformer step 12000 loss 0.9282 overlap None
transformer step 12100 loss 0.7917 overlap None
transformer step 12200 loss 1.0388 overlap None
transformer step 12300 loss 0.9406 overlap None
transformer step 12400 loss 0.9629 overlap None
transformer step 12500 loss 0.9467 overlap None
transformer step 12600 loss 0.8928 overlap None
transformer step 12700 loss 0.9850 overlap None
transformer step 12800 loss 0.9184 overlap None
transformer step 12900 loss 0.9452 overlap None
transformer step 13000 loss 0.7275 overlap None
transformer step 13100 loss 1.3416 overlap None
transformer step 13200 loss 0.8081 overlap None
transformer step 13300 loss 0.9979 overlap None
transformer step 13400 loss 1.1776 overlap None
transformer step 13500 loss 1.2808 overlap None
transformer step 13600 loss 1.1372 overlap None
transformer step 13700 loss 1.3554 overlap None
transformer step 13800 loss 1.0453 overlap None
transformer step 13900 loss 1.0213 overlap None
transformer step 14000 loss 0.9656 overlap None
transformer step 14100 loss 0.9366 overlap None
transformer step 14200 loss 0.9213 overlap None
transformer step 14300 loss 0.7712 overlap None
transformer step 14400 loss 0.9756 overlap None
transformer step 14500 loss 0.7809 overlap None
transformer step 14600 loss 1.1311 overlap None
transformer step 14700 loss 0.8659 overlap None
transformer step 14800 loss 0.9368 overlap None
transformer step 14900 loss 0.9393 overlap None
transformer step 15000 loss 0.7736 overlap None
transformer step 15100 loss 0.9323 overlap None
transformer step 15200 loss 0.8252 overlap None
transformer step 15300 loss 0.9152 overlap None
transformer step 15400 loss 0.9139 overlap None
transformer step 15500 loss 0.9789 overlap None
transformer step 15600 loss 0.8144 overlap None
transformer step 15700 loss 0.9733 overlap None
transformer step 15800 loss 0.8970 overlap None
transformer step 15900 loss 1.4169 overlap None
transformer step 16000 loss 1.0939 overlap None
transformer step 16100 loss 0.8963 overlap None
transformer step 16200 loss 1.1609 overlap None
transformer step 16300 loss 0.7418 overlap None
transformer step 16400 loss 1.2281 overlap None
transformer step 16500 loss 0.7778 overlap None
transformer step 16600 loss 0.9036 overlap None
transformer step 16700 loss 0.9225 overlap None
transformer step 16800 loss 0.8714 overlap None
transformer step 16900 loss 0.9312 overlap None
transformer step 17000 loss 0.9572 overlap None
transformer step 17100 loss 1.3243 overlap None
transformer step 17200 loss 1.1946 overlap None
transformer step 17300 loss 1.0761 overlap None
transformer step 17400 loss 0.9982 overlap None
transformer step 17500 loss 0.8752 overlap None
transformer step 17600 loss 0.9669 overlap None
transformer step 17700 loss 1.0127 overlap None
transformer step 17800 loss 0.8227 overlap None
transformer step 17900 loss 1.0690 overlap None
transformer step 18000 loss 1.1723 overlap None
transformer step 18100 loss 1.0959 overlap None
transformer step 18200 loss 1.0433 overlap None
transformer step 18300 loss 1.1410 overlap None
transformer step 18400 loss 1.0916 overlap None
transformer step 18500 loss 0.9021 overlap None
transformer step 18600 loss 1.1840 overlap None
transformer step 18700 loss 0.7710 overlap None
transformer step 18800 loss 1.0074 overlap None
transformer step 18900 loss 0.7572 overlap None
transformer step 19000 loss 0.9946 overlap None
transformer step 19100 loss 0.9510 overlap None
transformer step 19200 loss 0.9914 overlap None
transformer step 19300 loss 1.1387 overlap None
transformer step 19400 loss 0.8675 overlap None
transformer step 19500 loss 0.9777 overlap None
transformer step 19600 loss 0.7191 overlap None
transformer step 19700 loss 1.1453 overlap None
transformer step 19800 loss 1.0388 overlap None
transformer step 19900 loss 1.1050 overlap None
transformer step 20000 loss 0.9522 overlap None
transformer step 20100 loss 0.8945 overlap None
transformer step 20200 loss 1.1795 overlap None
transformer step 20300 loss 0.8659 overlap None
transformer step 20400 loss 1.1656 overlap None
transformer step 20500 loss 1.1039 overlap None
transformer step 20600 loss 0.9867 overlap None
transformer step 20700 loss 1.0813 overlap None
transformer step 20800 loss 1.5089 overlap None
transformer step 20900 loss 1.2195 overlap None
transformer step 21000 loss 1.0551 overlap None
transformer step 21100 loss 0.9774 overlap None
transformer step 21200 loss 1.0314 overlap None
transformer step 21300 loss 1.0903 overlap None
transformer step 21400 loss 1.0600 overlap None
transformer step 21500 loss 1.0031 overlap None
transformer step 21600 loss 1.1109 overlap None
transformer step 21700 loss 0.7688 overlap None
transformer step 21800 loss 1.5032 overlap None
transformer step 21900 loss 0.9158 overlap None
transformer step 22000 loss 0.8355 overlap None
transformer step 22100 loss 0.9844 overlap None
transformer step 22200 loss 0.9356 overlap None
transformer step 22300 loss 1.3445 overlap None
transformer step 22400 loss 1.1152 overlap None
transformer step 22500 loss 1.0293 overlap None
transformer step 22600 loss 0.9224 overlap None
transformer step 22700 loss 1.1005 overlap None
transformer step 22800 loss 0.8716 overlap None
transformer step 22900 loss 1.4204 overlap None
transformer step 23000 loss 1.1409 overlap None
transformer step 23100 loss 1.1067 overlap None
transformer step 23200 loss 0.8474 overlap None
transformer step 23300 loss 0.9310 overlap None
transformer step 23400 loss 1.0333 overlap None
transformer step 23500 loss 1.6527 overlap None
transformer step 23600 loss 1.0035 overlap None
transformer step 23700 loss 0.9237 overlap None
transformer step 23800 loss 0.9294 overlap None
transformer step 23900 loss 1.0531 overlap None
transformer step 24000 loss 0.9595 overlap None
transformer step 24100 loss 0.8366 overlap None
transformer step 24200 loss 1.0098 overlap None
transformer step 24300 loss 0.9976 overlap None
transformer step 24400 loss 0.9357 overlap None
transformer step 24500 loss 0.9169 overlap None
transformer step 24600 loss 0.9175 overlap None
transformer step 24700 loss 1.0906 overlap None
transformer step 24800 loss 0.9316 overlap None
transformer step 24900 loss 1.1221 overlap None
transformer step 25000 loss 0.8003 overlap None
transformer step 25100 loss 1.0055 overlap None
transformer step 25200 loss 0.8443 overlap None
transformer step 25300 loss 0.9224 overlap None
transformer step 25400 loss 0.9686 overlap None
transformer step 25500 loss 1.0581 overlap None
transformer step 25600 loss 1.0412 overlap None
transformer step 25700 loss 0.9594 overlap None
transformer step 25800 loss 0.9686 overlap None
transformer step 25900 loss 0.9963 overlap None
transformer step 26000 loss 1.1744 overlap None
transformer step 26100 loss 0.8743 overlap None
transformer step 26200 loss 0.9870 overlap None
transformer step 26300 loss 1.3659 overlap None
transformer step 26400 loss 0.9470 overlap None
transformer step 26500 loss 0.9894 overlap None
transformer step 26600 loss 0.8991 overlap None
transformer step 26700 loss 0.7764 overlap None
transformer step 26800 loss 0.9616 overlap None
transformer step 26900 loss 0.9660 overlap None
transformer step 27000 loss 0.9171 overlap None
transformer step 27100 loss 1.1178 overlap None
transformer step 27200 loss 1.4729 overlap None
transformer step 27300 loss 0.9571 overlap None
transformer step 27400 loss 0.8566 overlap None
transformer step 27500 loss 1.3364 overlap None
transformer step 27600 loss 0.9178 overlap None
transformer step 27700 loss 0.7855 overlap None
transformer step 27800 loss 1.0951 overlap None
transformer step 27900 loss 1.1783 overlap None
transformer step 28000 loss 0.8628 overlap None
transformer step 28100 loss 1.1030 overlap None
transformer step 28200 loss 0.7932 overlap None
transformer step 28300 loss 1.2864 overlap None
transformer step 28400 loss 0.9318 overlap None
transformer step 28500 loss 1.0452 overlap None
transformer step 28600 loss 1.0717 overlap None
transformer step 28700 loss 0.8986 overlap None
transformer step 28800 loss 0.7359 overlap None
transformer step 28900 loss 0.7620 overlap None
transformer step 29000 loss 1.0686 overlap None
transformer step 29100 loss 1.0510 overlap None
transformer step 29200 loss 1.4133 overlap None
transformer step 29300 loss 0.9164 overlap None
transformer step 29400 loss 1.0461 overlap None
transformer step 29500 loss 1.0099 overlap None
transformer step 29600 loss 0.8880 overlap None
transformer step 29700 loss 0.8237 overlap None
transformer step 29800 loss 0.9661 overlap None
transformer step 29900 loss 1.1128 overlap None
transformer step 29999 loss 0.7943 overlap None
== transformer: n=2d: succ 0.00 nmse_med 0.994  n=3d: succ 0.00 nmse_med 0.994  n=4d: succ 0.00 nmse_med 0.994  n=6d: succ 0.00 nmse_med 0.994  overlap None  train 235s
DONE
