/workspace/lifted_credit/exp_ttt_model_v2.py:191: UserWarning: Converting a tensor with requires_grad=True to a scalar may lead to unexpected behavior.
Consider using tensor.detach() first. (Triggered internally at /pytorch/torch/csrc/autograd/generated/python_variable_methods.cpp:835.)
  curve.append(dict(step=step, loss=float(loss), subspace_overlap=ov))
ttt_gd_full step 0 loss 0.9855 overlap 0.492907851934433
ttt_gd_full step 100 loss 1.5371 overlap 0.4836174249649048
ttt_gd_full step 200 loss 1.1035 overlap 0.4707963466644287
ttt_gd_full step 300 loss 1.0063 overlap 0.47496092319488525
ttt_gd_full step 400 loss 0.9262 overlap 0.4779900312423706
ttt_gd_full step 500 loss 1.0232 overlap 0.4767354130744934
ttt_gd_full step 600 loss 1.3124 overlap 0.497591495513916
ttt_gd_full step 700 loss 0.9460 overlap 0.513984203338623
ttt_gd_full step 800 loss 0.9721 overlap 0.5175451040267944
ttt_gd_full step 900 loss 1.1445 overlap 0.4980677366256714
ttt_gd_full step 1000 loss 0.8513 overlap 0.4987964928150177
ttt_gd_full step 1100 loss 0.8743 overlap 0.49913808703422546
ttt_gd_full step 1200 loss 0.9819 overlap 0.49216270446777344
ttt_gd_full step 1300 loss 1.1611 overlap 0.519001305103302
ttt_gd_full step 1400 loss 1.1695 overlap 0.5060226321220398
ttt_gd_full step 1500 loss 0.9584 overlap 0.4938523769378662
ttt_gd_full step 1600 loss 0.8217 overlap 0.4837958812713623
ttt_gd_full step 1700 loss 1.0441 overlap 0.5021300315856934
ttt_gd_full step 1800 loss 1.3053 overlap 0.4818699061870575
ttt_gd_full step 1900 loss 0.9861 overlap 0.49719861149787903
ttt_gd_full step 1999 loss 0.9165 overlap 0.4833998680114746
== ttt_gd_full: n=2d: succ 0.00 nmse_med 1.028  n=3d: succ 0.00 nmse_med 1.019  n=4d: succ 0.00 nmse_med 1.016  n=6d: succ 0.00 nmse_med 1.010  overlap 0.4833998680114746  train 121s
DONE
