/workspace/lifted_credit/exp_ttt_model_v2.py:191: UserWarning: Converting a tensor with requires_grad=True to a scalar may lead to unexpected behavior.
Consider using tensor.detach() first. (Triggered internally at /pytorch/torch/csrc/autograd/generated/python_variable_methods.cpp:835.)
  curve.append(dict(step=step, loss=float(loss), subspace_overlap=ov))
ttt_pcalm step 0 loss 4.6886 overlap 0.4919620156288147
ttt_pcalm step 100 loss 5.7387 overlap 0.5184579491615295
ttt_pcalm step 200 loss 5.4676 overlap 0.5601057410240173
ttt_pcalm step 300 loss 4.6472 overlap 0.5866841077804565
ttt_pcalm step 400 loss 4.6985 overlap 0.6102814674377441
ttt_pcalm step 500 loss 4.5656 overlap 0.6333973407745361
ttt_pcalm step 600 loss 3.1373 overlap 0.6582648158073425
ttt_pcalm step 700 loss 2.7696 overlap 0.6871515512466431
ttt_pcalm step 800 loss 4.9039 overlap 0.7138153314590454
ttt_pcalm step 900 loss 3.4061 overlap 0.7398367524147034
ttt_pcalm step 1000 loss 2.8788 overlap 0.7753129005432129
ttt_pcalm step 1100 loss 2.4193 overlap 0.8055245876312256
ttt_pcalm step 1200 loss 1.9398 overlap 0.8466111421585083
ttt_pcalm step 1300 loss 1.4158 overlap 0.8934268355369568
ttt_pcalm step 1400 loss 0.8172 overlap 0.955493688583374
ttt_pcalm step 1500 loss 0.0423 overlap 0.9966318607330322
ttt_pcalm step 1600 loss 0.0192 overlap 0.9986443519592285
ttt_pcalm step 1700 loss 0.0185 overlap 0.998685359954834
ttt_pcalm step 1800 loss 0.0167 overlap 0.9991234540939331
ttt_pcalm step 1900 loss 0.0273 overlap 0.9981746673583984
ttt_pcalm step 1999 loss 0.0189 overlap 0.9989479184150696
== ttt_pcalm: n=2d: succ 0.17 nmse_med 0.506  n=3d: succ 0.78 nmse_med 0.029  n=4d: succ 0.90 nmse_med 0.020  n=6d: succ 0.97 nmse_med 0.014  overlap 0.9989479184150696  train 145s
ttt_gd_full step 0 loss 1.0947 overlap 0.49142229557037354
ttt_gd_full step 100 loss 1.1464 overlap 0.48088783025741577
ttt_gd_full step 200 loss 0.9978 overlap 0.47028812766075134
ttt_gd_full step 300 loss 1.1577 overlap 0.49089735746383667
ttt_gd_full step 400 loss 0.9786 overlap 0.5018602013587952
ttt_gd_full step 500 loss 1.0592 overlap 0.49125534296035767
ttt_gd_full step 600 loss 1.1069 overlap 0.49097222089767456
ttt_gd_full step 700 loss 0.9290 overlap 0.4697524309158325
ttt_gd_full step 800 loss 1.0750 overlap 0.4776785969734192
ttt_gd_full step 900 loss 0.8233 overlap 0.5043134689331055
ttt_gd_full step 1000 loss 1.1491 overlap 0.5053442716598511
ttt_gd_full step 1100 loss 0.7749 overlap 0.4931226372718811
ttt_gd_full step 1200 loss 1.1089 overlap 0.493896484375
ttt_gd_full step 1300 loss 1.1288 overlap 0.4864158034324646
ttt_gd_full step 1400 loss 1.3095 overlap 0.4867815375328064
ttt_gd_full step 1500 loss 1.0226 overlap 0.5041096806526184
ttt_gd_full step 1600 loss 0.9542 overlap 0.5111292600631714
ttt_gd_full step 1700 loss 1.0190 overlap 0.509422779083252
ttt_gd_full step 1800 loss 0.9145 overlap 0.49022674560546875
ttt_gd_full step 1900 loss 0.9221 overlap 0.49821460247039795
ttt_gd_full step 1999 loss 1.1555 overlap 0.5057965517044067
== ttt_gd_full: n=2d: succ 0.00 nmse_med 0.997  n=3d: succ 0.00 nmse_med 0.996  n=4d: succ 0.00 nmse_med 0.996  n=6d: succ 0.00 nmse_med 0.996  overlap 0.5057965517044067  train 31s
DONE
