/workspace/lifted_credit/exp_ttt_model_v2.py:191: UserWarning: Converting a tensor with requires_grad=True to a scalar may lead to unexpected behavior.
Consider using tensor.detach() first. (Triggered internally at /pytorch/torch/csrc/autograd/generated/python_variable_methods.cpp:835.)
  curve.append(dict(step=step, loss=float(loss), subspace_overlap=ov))
ttt_pcalm step 0 loss 5.6141 overlap 0.4933856725692749
ttt_pcalm step 100 loss 6.2292 overlap 0.5273298621177673
ttt_pcalm step 200 loss 7.5325 overlap 0.5569396018981934
ttt_pcalm step 300 loss 5.5085 overlap 0.5817985534667969
ttt_pcalm step 400 loss 3.0916 overlap 0.6090826988220215
ttt_pcalm step 500 loss 5.2476 overlap 0.6419386863708496
ttt_pcalm step 600 loss 4.1954 overlap 0.665362536907196
ttt_pcalm step 700 loss 4.1800 overlap 0.6935229301452637
ttt_pcalm step 800 loss 8.8419 overlap 0.7134034633636475
ttt_pcalm step 900 loss 3.1017 overlap 0.7422257661819458
ttt_pcalm step 1000 loss 2.1233 overlap 0.7734242677688599
ttt_pcalm step 1100 loss 2.1566 overlap 0.8080379962921143
ttt_pcalm step 1200 loss 1.6258 overlap 0.854773998260498
ttt_pcalm step 1300 loss 1.1675 overlap 0.9148669242858887
ttt_pcalm step 1400 loss 0.2262 overlap 0.9807343482971191
ttt_pcalm step 1500 loss 0.0248 overlap 0.9982832670211792
ttt_pcalm step 1600 loss 0.0204 overlap 0.9985865354537964
ttt_pcalm step 1700 loss 0.0136 overlap 0.999393105506897
ttt_pcalm step 1800 loss 0.0248 overlap 0.998543381690979
ttt_pcalm step 1900 loss 0.0146 overlap 0.9992625713348389
ttt_pcalm step 1999 loss 0.0200 overlap 0.9989527463912964
== ttt_pcalm: n=2d: succ 0.18 nmse_med 0.356  n=3d: succ 0.77 nmse_med 0.029  n=4d: succ 0.90 nmse_med 0.020  n=6d: succ 0.96 nmse_med 0.014  overlap 0.9989527463912964  train 157s
DONE
