r1 sigma=0.25 n=4d alpha*=1.0032 | hard norm 1.0151 err 0.2167 | GD norm 1.0154 | EM norm 1.0129 err 0.1616
r1 sigma=0.25 n=8d alpha*=1.0032 | hard norm 0.9985 err 0.1488 | GD norm 1.0068 | EM norm 1.0037 err 0.1052
r1 sigma=0.25 n=16d alpha*=1.0032 | hard norm 0.9933 err 0.1044 | GD norm 1.0049 | EM norm 1.0016 err 0.0701
r1 sigma=0.25 n=32d alpha*=1.0032 | hard norm 0.9909 err 0.0733 | GD norm 1.0038 | EM norm 1.0005 err 0.0481
r1 sigma=0.25 n=64d alpha*=1.0032 | hard norm 0.9911 err 0.0533 | GD norm 1.0045 | EM norm 1.0013 err 0.0340
r1 sigma=0.5 n=4d alpha*=1.0232 | hard norm 1.0599 err 0.5279 | GD norm 1.0605 | EM norm 1.0478 err 0.3646
r1 sigma=0.5 n=8d alpha*=1.0232 | hard norm 0.9898 err 0.3520 | GD norm 1.0441 | EM norm 1.0223 err 0.2356
r1 sigma=0.5 n=16d alpha*=1.0232 | hard norm 0.9514 err 0.2595 | GD norm 1.0316 | EM norm 1.0085 err 0.1558
r1 sigma=0.5 n=32d alpha*=1.0232 | hard norm 0.9359 err 0.1954 | GD norm 1.0267 | EM norm 1.0032 err 0.1070
r1 sigma=0.5 n=64d alpha*=1.0232 | hard norm 0.9328 err 0.1487 | GD norm 1.0257 | EM norm 1.0024 err 0.0744
r2 sigma=0.0 n=3d v=0.0: success 0.887 overlap 0.911 excess(fold) 0.2402
r2 sigma=0.0 n=3d v=0.03: success 0.867 overlap 0.897 excess(fold) 0.3017
r2 sigma=0.0 n=3d v=0.1: success 0.836 overlap 0.878 excess(fold) 0.3523
r2 sigma=0.0 n=3d v=0.3: success 0.629 overlap 0.738 excess(fold) 0.7469
r2 sigma=0.0 n=3d v=1.0: success 0.193 overlap 0.487 excess(fold) 1.4967
r2 sigma=0.0 n=3d v=3.0: success 0.014 overlap 0.349 excess(fold) 1.7512
r2 sigma=0.0 n=3d v=10.0: success 0.002 overlap 0.291 excess(fold) 1.7920
r2 sigma=0.0 n=3d v=inf: success 0.000 overlap 0.275 excess(fold) 1.7709
r2 sigma=0.0 n=4d v=0.0: success 0.996 overlap 0.996 excess(fold) 0.0067
r2 sigma=0.0 n=4d v=0.03: success 0.988 overlap 0.990 excess(fold) 0.0242
r2 sigma=0.0 n=4d v=0.1: success 0.969 overlap 0.974 excess(fold) 0.0623
r2 sigma=0.0 n=4d v=0.3: success 0.922 overlap 0.936 excess(fold) 0.1543
r2 sigma=0.0 n=4d v=1.0: success 0.609 overlap 0.738 excess(fold) 0.6994
r2 sigma=0.0 n=4d v=3.0: success 0.211 overlap 0.513 excess(fold) 1.2530
r2 sigma=0.0 n=4d v=10.0: success 0.043 overlap 0.375 excess(fold) 1.5202
r2 sigma=0.0 n=4d v=inf: success 0.010 overlap 0.330 excess(fold) 1.5711
r2 sigma=0.1 n=3d v=0.0: success 0.936 overlap 0.944 excess(fold) 0.1535
r2 sigma=0.1 n=3d v=0.03: success 0.914 overlap 0.930 excess(fold) 0.1991
r2 sigma=0.1 n=3d v=0.1: success 0.855 overlap 0.896 excess(fold) 0.3051
r2 sigma=0.1 n=3d v=0.3: success 0.639 overlap 0.750 excess(fold) 0.7282
r2 sigma=0.1 n=3d v=1.0: success 0.221 overlap 0.506 excess(fold) 1.4152
r2 sigma=0.1 n=3d v=3.0: success 0.025 overlap 0.353 excess(fold) 1.6905
r2 sigma=0.1 n=3d v=10.0: success 0.002 overlap 0.294 excess(fold) 1.7283
r2 sigma=0.1 n=3d v=inf: success 0.000 overlap 0.278 excess(fold) 1.7118
r2 sigma=0.1 n=4d v=0.0: success 0.994 overlap 0.993 excess(fold) 0.0241
r2 sigma=0.1 n=4d v=0.03: success 0.992 overlap 0.991 excess(fold) 0.0268
r2 sigma=0.1 n=4d v=0.1: success 0.979 overlap 0.979 excess(fold) 0.0549
r2 sigma=0.1 n=4d v=0.3: success 0.928 overlap 0.943 excess(fold) 0.1446
r2 sigma=0.1 n=4d v=1.0: success 0.633 overlap 0.745 excess(fold) 0.6444
r2 sigma=0.1 n=4d v=3.0: success 0.209 overlap 0.492 excess(fold) 1.2770
r2 sigma=0.1 n=4d v=10.0: success 0.045 overlap 0.367 excess(fold) 1.5051
r2 sigma=0.1 n=4d v=inf: success 0.012 overlap 0.324 excess(fold) 1.5581
r2 sigma=0.3 n=3d v=0.0: success 0.486 overlap 0.866 excess(fold) 0.3947
r2 sigma=0.3 n=3d v=0.03: success 0.518 overlap 0.857 excess(fold) 0.4099
r2 sigma=0.3 n=3d v=0.1: success 0.494 overlap 0.795 excess(fold) 0.5752
r2 sigma=0.3 n=3d v=0.3: success 0.412 overlap 0.681 excess(fold) 0.8635
r2 sigma=0.3 n=3d v=1.0: success 0.074 overlap 0.443 excess(fold) 1.3793
r2 sigma=0.3 n=3d v=3.0: success 0.006 overlap 0.327 excess(fold) 1.5171
r2 sigma=0.3 n=3d v=10.0: success 0.000 overlap 0.279 excess(fold) 1.5110
r2 sigma=0.3 n=3d v=inf: success 0.000 overlap 0.262 excess(fold) 1.4972
r2 sigma=0.3 n=4d v=0.0: success 0.775 overlap 0.947 excess(fold) 0.1720
r2 sigma=0.3 n=4d v=0.03: success 0.850 overlap 0.956 excess(fold) 0.1539
r2 sigma=0.3 n=4d v=0.1: success 0.875 overlap 0.941 excess(fold) 0.1696
r2 sigma=0.3 n=4d v=0.3: success 0.861 overlap 0.895 excess(fold) 0.2667
r2 sigma=0.3 n=4d v=1.0: success 0.459 overlap 0.658 excess(fold) 0.7814
r2 sigma=0.3 n=4d v=3.0: success 0.098 overlap 0.430 excess(fold) 1.2348
r2 sigma=0.3 n=4d v=10.0: success 0.002 overlap 0.324 excess(fold) 1.3566
r2 sigma=0.3 n=4d v=inf: success 0.000 overlap 0.284 excess(fold) 1.3676
r2 sigma=0.5 n=3d v=0.0: success 0.004 overlap 0.669 excess(fold) 0.7757
r2 sigma=0.5 n=3d v=0.03: success 0.002 overlap 0.652 excess(fold) 0.8121
r2 sigma=0.5 n=3d v=0.1: success 0.004 overlap 0.615 excess(fold) 0.8945
r2 sigma=0.5 n=3d v=0.3: success 0.006 overlap 0.516 excess(fold) 1.0584
r2 sigma=0.5 n=3d v=1.0: success 0.000 overlap 0.363 excess(fold) 1.3020
r2 sigma=0.5 n=3d v=3.0: success 0.000 overlap 0.281 excess(fold) 1.3032
r2 sigma=0.5 n=3d v=10.0: success 0.000 overlap 0.244 excess(fold) 1.2550
r2 sigma=0.5 n=3d v=inf: success 0.000 overlap 0.232 excess(fold) 1.2269
r2 sigma=0.5 n=4d v=0.0: success 0.029 overlap 0.832 excess(fold) 0.3963
r2 sigma=0.5 n=4d v=0.03: success 0.012 overlap 0.828 excess(fold) 0.4037
r2 sigma=0.5 n=4d v=0.1: success 0.035 overlap 0.828 excess(fold) 0.3975
r2 sigma=0.5 n=4d v=0.3: success 0.062 overlap 0.765 excess(fold) 0.5017
r2 sigma=0.5 n=4d v=1.0: success 0.043 overlap 0.535 excess(fold) 0.8702
r2 sigma=0.5 n=4d v=3.0: success 0.004 overlap 0.365 excess(fold) 1.0937
r2 sigma=0.5 n=4d v=10.0: success 0.000 overlap 0.287 excess(fold) 1.1123
r2 sigma=0.5 n=4d v=inf: success 0.000 overlap 0.260 excess(fold) 1.0927
r3 sigma=0.25 n=1.5d: raw 0.268 (theory 1-df/n 0.333)  corrected 0.805
r3 sigma=0.25 n=2d: raw 0.429 (theory 1-df/n 0.500)  corrected 0.859
r3 sigma=0.25 n=3d: raw 0.611 (theory 1-df/n 0.667)  corrected 0.916
r3 sigma=0.25 n=4d: raw 0.707 (theory 1-df/n 0.750)  corrected 0.943
r3 sigma=0.25 n=8d: raw 0.861 (theory 1-df/n 0.875)  corrected 0.984
r3 sigma=0.25 n=16d: raw 0.931 (theory 1-df/n 0.938)  corrected 0.993
r3 sigma=0.5 n=1.5d: raw 0.231 (theory 1-df/n 0.333)  corrected 0.692
r3 sigma=0.5 n=2d: raw 0.374 (theory 1-df/n 0.500)  corrected 0.747
r3 sigma=0.5 n=3d: raw 0.560 (theory 1-df/n 0.667)  corrected 0.839
r3 sigma=0.5 n=4d: raw 0.666 (theory 1-df/n 0.750)  corrected 0.888
r3 sigma=0.5 n=8d: raw 0.838 (theory 1-df/n 0.875)  corrected 0.958
r3 sigma=0.5 n=16d: raw 0.923 (theory 1-df/n 0.938)  corrected 0.984
r4 n=1.5d: single 3.9454  best-of-16 2.9480  mixture 2.7877
r4 n=2.0d: single 1.9883  best-of-16 0.1057  mixture 0.1036
r4 n=2.5d: single 0.7318  best-of-16 0.0204  mixture 0.0200
r4 n=3.0d: single 0.2462  best-of-16 0.0148  mixture 0.0146
r4 n=4.0d: single 0.0165  best-of-16 0.0095  mixture 0.0094
r4 n=6.0d: single 0.0055  best-of-16 0.0055  mixture 0.0055
/workspace/lifted_credit/exp_requirements.py:219: UserWarning: Converting a tensor with requires_grad=True to a scalar may lead to unexpected behavior.
Consider using tensor.detach() first. (Triggered internally at /pytorch/torch/csrc/autograd/generated/python_variable_methods.cpp:835.)
  row = dict(sigma=sigma, knob=knob, at=base, local='hard' if tau is None else f'gibbs tau={tau}', loss=float(l0), autograd=auto, finite_diff=fd)
r5 sigma=0.0 log_rho@0.00 hard: loss 0.0252 autograd -1.2626e-03  FD(0.2) +6.6971e-02  FD(0.05) +8.8492e-02
r5 sigma=0.0 log_rho@0.00 gibbs tau=0.05: loss 0.0254 autograd -1.1433e+04  FD(0.2) +5.3488e-02  FD(0.05) +6.6131e-02
r5 sigma=0.0 log_rho@2.30 hard: loss 0.4083 autograd -2.3053e-03  FD(0.2) +1.2855e-01  FD(0.05) +1.2623e-01
r5 sigma=0.0 log_rho@2.30 gibbs tau=0.05: loss 0.3994 autograd -1.4403e-02  FD(0.2) +1.2213e-01  FD(0.05) +1.1373e-01
r5 sigma=0.0 log_v@0.00 hard: loss 0.2514 autograd -4.8355e-04  FD(0.2) +2.1626e-01  FD(0.05) +2.5426e-01
r5 sigma=0.0 log_v@0.00 gibbs tau=0.05: loss 0.2388 autograd -9.2556e-02  FD(0.2) +1.5631e-01  FD(0.05) +1.8327e-01
r5 sigma=0.0 log_v@-1.20 hard: loss 0.0803 autograd -4.6756e-04  FD(0.2) +6.7886e-02  FD(0.05) +3.0230e-02
r5 sigma=0.0 log_v@-1.20 gibbs tau=0.05: loss 0.0854 autograd -7.7558e+01  FD(0.2) +8.9072e-02  FD(0.05) +4.8260e-02
r5 sigma=0.3 log_rho@0.00 hard: loss 0.1805 autograd -1.6937e-02  FD(0.2) +2.4483e-02  FD(0.05) -7.6182e-04
r5 sigma=0.3 log_rho@0.00 gibbs tau=0.05: loss 0.1630 autograd -8.1398e+04  FD(0.2) +5.5378e-02  FD(0.05) +6.8880e-02
r5 sigma=0.3 log_rho@2.30 hard: loss 0.5303 autograd -8.4667e-03  FD(0.2) +7.8466e-02  FD(0.05) +8.3925e-02
r5 sigma=0.3 log_rho@2.30 gibbs tau=0.05: loss 0.5276 autograd +5.5172e-01  FD(0.2) +7.7308e-02  FD(0.05) +7.8015e-02
r5 sigma=0.3 log_v@0.00 hard: loss 0.4114 autograd -1.0870e-03  FD(0.2) +1.9538e-01  FD(0.05) +2.2314e-01
r5 sigma=0.3 log_v@0.00 gibbs tau=0.05: loss 0.3885 autograd +8.2693e-01  FD(0.2) +1.6007e-01  FD(0.05) +1.6989e-01
r5 sigma=0.3 log_v@-1.20 hard: loss 0.2389 autograd -1.9785e-03  FD(0.2) +8.5528e-02  FD(0.05) +9.1603e-02
r5 sigma=0.3 log_v@-1.20 gibbs tau=0.05: loss 0.2394 autograd -1.5171e+03  FD(0.2) +8.1474e-02  FD(0.05) +6.6012e-02
DONE 34.863848553970456
