Warning: You are sending unauthenticated requests to the HF Hub. Please set a HF_TOKEN to enable higher rate limits and faster downloads.
PCA-64 residual energy on test images: 0.0262
floor (true image projected on PCA basis): {'nmse_mean': 0.0665728971362114, 'nmse_median': 0.05739119276404381}
/workspace/lifted_credit/exp_pr_ttt.py:231: UserWarning: Converting a tensor with requires_grad=True to a scalar may lead to unexpected behavior.
Consider using tensor.detach() first. (Triggered internally at /pytorch/torch/csrc/autograd/generated/python_variable_methods.cpp:835.)
  curve.append(dict(step=step, loss=float(loss))); print(f'{name} step {step} nloss {float(loss):.4f}', flush=True)
ttt_pcalm_sigma step 0 nloss 0.2887
ttt_pcalm_sigma step 250 nloss 1.1172
ttt_pcalm_sigma step 500 nloss 0.6495
ttt_pcalm_sigma step 750 nloss 0.5561
ttt_pcalm_sigma step 1000 nloss 0.4771
ttt_pcalm_sigma step 1250 nloss 0.3938
ttt_pcalm_sigma step 1500 nloss 0.5116
ttt_pcalm_sigma step 1750 nloss 0.3672
ttt_pcalm_sigma step 2000 nloss 0.3620
ttt_pcalm_sigma step 2250 nloss 0.3946
ttt_pcalm_sigma step 2500 nloss 0.2554
ttt_pcalm_sigma step 2750 nloss 0.2331
ttt_pcalm_sigma step 2999 nloss 0.2271
== ttt_pcalm_sigma: n=2.0m: nmse 0.357/0.263 succ 0.00  n=3.0m: nmse 0.235/0.192 succ 0.01  n=4.0m: nmse 0.228/0.179 succ 0.02  n=6.0m: nmse 0.216/0.159 succ 0.03  (1199s)
ttt_pcalm step 0 nloss 0.2034
ttt_pcalm step 250 nloss 0.3984
ttt_pcalm step 500 nloss 0.4849
ttt_pcalm step 750 nloss 0.5950
ttt_pcalm step 1000 nloss 0.4563
ttt_pcalm step 1250 nloss 0.6002
ttt_pcalm step 1500 nloss 0.5507
ttt_pcalm step 1750 nloss 0.5611
