Warning: You are sending unauthenticated requests to the HF Hub. Please set a HF_TOKEN to enable higher rate limits and faster downloads.
PCA-64 residual energy on test images: 0.0262
floor (true image projected on PCA basis): {'nmse_mean': 0.0665728971362114, 'nmse_median': 0.05739119276404381}
/workspace/lifted_credit/exp_pr_ttt.py:231: UserWarning: Converting a tensor with requires_grad=True to a scalar may lead to unexpected behavior.
Consider using tensor.detach() first. (Triggered internally at /pytorch/torch/csrc/autograd/generated/python_variable_methods.cpp:835.)
  curve.append(dict(step=step, loss=float(loss))); print(f'{name} step {step} nloss {float(loss):.4f}', flush=True)
pca_pcalm_sigma step 0 nloss 0.2886
pca_pcalm_sigma step 250 nloss 0.4174
pca_pcalm_sigma step 500 nloss 0.3523
pca_pcalm_sigma step 750 nloss 0.5649
pca_pcalm_sigma step 999 nloss 0.3555
== pca_pcalm_sigma: n=2.0m: nmse 1.675/1.742 succ 0.00  n=3.0m: nmse 0.329/0.131 succ 0.01  n=4.0m: nmse 0.140/0.113 succ 0.02  n=6.0m: nmse 0.122/0.109 succ 0.01  (253s)
pca_gd_soft step 0 nloss 0.7625
pca_gd_soft step 250 nloss 0.4540
pca_gd_soft step 500 nloss 0.2080
pca_gd_soft step 750 nloss 0.3632
pca_gd_soft step 999 nloss 0.2448
== pca_gd_soft: n=2.0m: nmse 0.785/0.632 succ 0.01  n=3.0m: nmse 0.225/0.105 succ 0.17  n=4.0m: nmse 0.158/0.083 succ 0.25  n=6.0m: nmse 0.215/0.080 succ 0.27  (113s)
pca_pcalm_v3 step 0 nloss 0.2034
pca_pcalm_v3 step 250 nloss 0.3781
pca_pcalm_v3 step 500 nloss 0.4814
pca_pcalm_v3 step 750 nloss 0.4333
pca_pcalm_v3 step 999 nloss 0.3966
== pca_pcalm_v3: n=2.0m: nmse 1.869/1.873 succ 0.01  n=3.0m: nmse 0.351/0.128 succ 0.07  n=4.0m: nmse 0.148/0.108 succ 0.10  n=6.0m: nmse 0.116/0.100 succ 0.11  (122s)
DONE
