/workspace/lifted_credit/exp_real_ttt.py:241: UserWarning: Converting a tensor with requires_grad=True to a scalar may lead to unexpected behavior.
Consider using tensor.detach() first. (Triggered internally at /pytorch/torch/csrc/autograd/generated/python_variable_methods.cpp:835.)
  curve.append(dict(step=step, loss=float(loss))); print(f'{name} step {step} loss {float(loss):.4f}', flush=True)
ttt_pcalm_sigma step 0 loss 0.9418
ttt_pcalm_sigma step 250 loss 0.5998
ttt_pcalm_sigma step 500 loss 0.3090
ttt_pcalm_sigma step 750 loss 0.2894
ttt_pcalm_sigma step 1000 loss 0.2204
ttt_pcalm_sigma step 1250 loss 0.3001
ttt_pcalm_sigma step 1500 loss 0.1881
ttt_pcalm_sigma step 1750 loss 0.2197
ttt_pcalm_sigma step 2000 loss 0.1290
ttt_pcalm_sigma step 2250 loss 0.1670
ttt_pcalm_sigma step 2500 loss 0.2013
ttt_pcalm_sigma step 2750 loss 0.1413
ttt_pcalm_sigma step 2999 loss 0.1781
== ttt_pcalm_sigma: held-out attrs pooled NMSE n=2.0d 1.392/1.259  n=4.0d 0.961/0.889  n=8.0d 0.836/0.803  | train attrs n=4d 47.468  (271s)
ttt_gd_soft step 0 loss 0.7253
ttt_gd_soft step 250 loss 0.1318
ttt_gd_soft step 500 loss 0.0664
ttt_gd_soft step 750 loss 0.0697
ttt_gd_soft step 1000 loss 0.0670
ttt_gd_soft step 1250 loss 0.0642
ttt_gd_soft step 1500 loss 0.0838
ttt_gd_soft step 1750 loss 0.0578
ttt_gd_soft step 2000 loss 0.0550
ttt_gd_soft step 2250 loss 0.0363
ttt_gd_soft step 2500 loss 0.0743
ttt_gd_soft step 2750 loss 0.0483
ttt_gd_soft step 2999 loss 0.0369
== ttt_gd_soft: held-out attrs pooled NMSE n=2.0d 2.426/0.806  n=4.0d 0.707/0.667  n=8.0d 0.635/0.618  | train attrs n=4d 69.774  (128s)
ttt_gd_full step 0 loss 0.8263
ttt_gd_full step 250 loss 0.3791
ttt_gd_full step 500 loss 0.1737
ttt_gd_full step 750 loss 0.2527
ttt_gd_full step 1000 loss 0.1993
ttt_gd_full step 1250 loss 0.1871
ttt_gd_full step 1500 loss 0.1643
ttt_gd_full step 1750 loss 0.1535
ttt_gd_full step 2000 loss 0.1786
ttt_gd_full step 2250 loss 0.1715
ttt_gd_full step 2500 loss 0.1544
ttt_gd_full step 2750 loss 0.1470
ttt_gd_full step 2999 loss 0.1210
== ttt_gd_full: held-out attrs pooled NMSE n=2.0d 1.010/0.923  n=4.0d 0.871/0.808  n=8.0d 0.783/0.731  | train attrs n=4d 66.753  (66s)
ttt_pcalm step 0 loss 0.9244
ttt_pcalm step 250 loss 0.2284
ttt_pcalm step 500 loss 0.1416
ttt_pcalm step 750 loss 0.2558
ttt_pcalm step 1000 loss 0.1517
ttt_pcalm step 1250 loss 0.1152
ttt_pcalm step 1500 loss 0.0940
ttt_pcalm step 1750 loss 0.1297
ttt_pcalm step 2000 loss 0.1229
ttt_pcalm step 2250 loss 0.1238
ttt_pcalm step 2500 loss 0.1914
ttt_pcalm step 2750 loss 0.1536
ttt_pcalm step 2999 loss 0.1608
== ttt_pcalm: held-out attrs pooled NMSE n=2.0d 0.925/0.890  n=4.0d 0.871/0.825  n=8.0d 0.846/0.793  | train attrs n=4d 22.799  (162s)
ttt_gd_official step 0 loss 0.7123
ttt_gd_official step 250 loss 0.2896
ttt_gd_official step 500 loss 0.2329
ttt_gd_official step 750 loss 0.2952
ttt_gd_official step 1000 loss 0.2378
ttt_gd_official step 1250 loss 0.2478
ttt_gd_official step 1500 loss 0.2244
ttt_gd_official step 1750 loss 0.2618
ttt_gd_official step 2000 loss 0.2366
ttt_gd_official step 2250 loss 0.2061
ttt_gd_official step 2500 loss 0.1775
ttt_gd_official step 2750 loss 0.2356
ttt_gd_official step 2999 loss 0.1944
== ttt_gd_official: held-out attrs pooled NMSE n=2.0d 1.078/1.014  n=4.0d 1.009/0.894  n=8.0d 0.987/0.817  | train attrs n=4d 70.147  (40s)
DONE
