/workspace/lifted_credit/exp_real_ttt.py:241: UserWarning: Converting a tensor with requires_grad=True to a scalar may lead to unexpected behavior.
Consider using tensor.detach() first. (Triggered internally at /pytorch/torch/csrc/autograd/generated/python_variable_methods.cpp:835.)
  curve.append(dict(step=step, loss=float(loss))); print(f'{name} step {step} loss {float(loss):.4f}', flush=True)
ttt_pcalm_sigma step 0 loss 1.1902
ttt_pcalm_sigma step 250 loss 0.8024
ttt_pcalm_sigma step 500 loss 0.7872
ttt_pcalm_sigma step 750 loss 0.7616
ttt_pcalm_sigma step 1000 loss 0.7694
ttt_pcalm_sigma step 1250 loss 0.7733
ttt_pcalm_sigma step 1500 loss 0.7584
ttt_pcalm_sigma step 1750 loss 0.7531
ttt_pcalm_sigma step 2000 loss 0.6764
ttt_pcalm_sigma step 2250 loss 0.6662
ttt_pcalm_sigma step 2500 loss 0.6800
ttt_pcalm_sigma step 2750 loss 0.6540
ttt_pcalm_sigma step 2999 loss 0.6492
== ttt_pcalm_sigma: held-out attrs pooled NMSE n=2.0d 0.789/0.772  n=4.0d 0.710/0.704  n=8.0d 0.677/0.667  | train attrs n=4d 0.854  (231s)
ttt_gd_soft step 0 loss 0.8475
ttt_gd_soft step 250 loss 0.7448
ttt_gd_soft step 500 loss 0.6700
ttt_gd_soft step 750 loss 0.6425
ttt_gd_soft step 1000 loss 0.6749
ttt_gd_soft step 1250 loss 0.6501
ttt_gd_soft step 1500 loss 0.6392
ttt_gd_soft step 1750 loss 0.6678
ttt_gd_soft step 2000 loss 0.6124
ttt_gd_soft step 2250 loss 0.6349
ttt_gd_soft step 2500 loss 0.6663
ttt_gd_soft step 2750 loss 0.6309
ttt_gd_soft step 2999 loss 0.6450
== ttt_gd_soft: held-out attrs pooled NMSE n=2.0d 0.782/0.750  n=4.0d 0.719/0.704  n=8.0d 0.690/0.678  | train attrs n=4d 0.847  (92s)
ttt_gd_full step 0 loss 1.0276
ttt_gd_full step 250 loss 0.7612
ttt_gd_full step 500 loss 0.7201
ttt_gd_full step 750 loss 0.6764
ttt_gd_full step 1000 loss 0.7047
ttt_gd_full step 1250 loss 0.6760
ttt_gd_full step 1500 loss 0.6655
ttt_gd_full step 1750 loss 0.6834
ttt_gd_full step 2000 loss 0.6424
ttt_gd_full step 2250 loss 0.6717
ttt_gd_full step 2500 loss 0.6887
ttt_gd_full step 2750 loss 0.6721
ttt_gd_full step 2999 loss 0.6985
== ttt_gd_full: held-out attrs pooled NMSE n=2.0d 0.811/0.771  n=4.0d 0.752/0.723  n=8.0d 0.708/0.688  | train attrs n=4d 0.877  (44s)
ttt_pcalm step 0 loss 1.1096
ttt_pcalm step 250 loss 0.8164
ttt_pcalm step 500 loss 0.7796
ttt_pcalm step 750 loss 0.7549
ttt_pcalm step 1000 loss 0.7670
ttt_pcalm step 1250 loss 0.7733
ttt_pcalm step 1500 loss 0.7517
ttt_pcalm step 1750 loss 0.7617
ttt_pcalm step 2000 loss 0.7117
ttt_pcalm step 2250 loss 0.7575
ttt_pcalm step 2500 loss 0.7500
ttt_pcalm step 2750 loss 0.7421
ttt_pcalm step 2999 loss 0.7506
== ttt_pcalm: held-out attrs pooled NMSE n=2.0d 0.977/0.990  n=4.0d 0.945/0.987  n=8.0d 0.906/0.974  | train attrs n=4d 0.977  (95s)
ttt_gd_official step 0 loss 0.8959
ttt_gd_official step 250 loss 0.7105
ttt_gd_official step 500 loss 0.7061
ttt_gd_official step 750 loss 0.6762
ttt_gd_official step 1000 loss 0.7057
ttt_gd_official step 1250 loss 0.6860
ttt_gd_official step 1500 loss 0.6710
ttt_gd_official step 1750 loss 0.7040
ttt_gd_official step 2000 loss 0.6667
ttt_gd_official step 2250 loss 0.6817
ttt_gd_official step 2500 loss 0.7110
ttt_gd_official step 2750 loss 0.6820
ttt_gd_official step 2999 loss 0.7077
== ttt_gd_official: held-out attrs pooled NMSE n=2.0d 0.927/0.927  n=4.0d 0.840/0.819  n=8.0d 0.759/0.738  | train attrs n=4d 0.903  (17s)
DONE
