/workspace/lifted_credit/exp_real_ttt.py:241: UserWarning: Converting a tensor with requires_grad=True to a scalar may lead to unexpected behavior.
Consider using tensor.detach() first. (Triggered internally at /pytorch/torch/csrc/autograd/generated/python_variable_methods.cpp:835.)
  curve.append(dict(step=step, loss=float(loss))); print(f'{name} step {step} loss {float(loss):.4f}', flush=True)
ttt_pcalm_sigma step 0 loss 1.0994
ttt_pcalm_sigma step 250 loss 0.7538
ttt_pcalm_sigma step 500 loss 0.6942
ttt_pcalm_sigma step 750 loss 0.6863
ttt_pcalm_sigma step 1000 loss 0.6035
ttt_pcalm_sigma step 1250 loss 0.5153
ttt_pcalm_sigma step 1500 loss 0.5039
ttt_pcalm_sigma step 1750 loss 0.4620
ttt_pcalm_sigma step 2000 loss 0.4241
ttt_pcalm_sigma step 2250 loss 0.4068
ttt_pcalm_sigma step 2500 loss 0.4111
ttt_pcalm_sigma step 2750 loss 0.3683
ttt_pcalm_sigma step 2999 loss 0.4054
== ttt_pcalm_sigma: held-out attrs pooled NMSE n=2.0d 1.079/1.051  n=4.0d 0.902/0.894  n=8.0d 0.754/0.739  | train attrs n=4d 0.565  (3336s)
ttt_gd_soft step 0 loss 0.8104
ttt_gd_soft step 250 loss 0.5244
ttt_gd_soft step 500 loss 0.4207
ttt_gd_soft step 750 loss 0.4099
ttt_gd_soft step 1000 loss 0.4181
ttt_gd_soft step 1250 loss 0.4139
ttt_gd_soft step 1500 loss 0.4031
ttt_gd_soft step 1750 loss 0.4208
ttt_gd_soft step 2000 loss 0.4082
ttt_gd_soft step 2250 loss 0.4146
ttt_gd_soft step 2500 loss 0.4255
ttt_gd_soft step 2750 loss 0.3926
ttt_gd_soft step 2999 loss 0.3947
== ttt_gd_soft: held-out attrs pooled NMSE n=2.0d 1.211/1.161  n=4.0d 0.947/0.938  n=8.0d 0.829/0.823  | train attrs n=4d 0.581  (118s)
ttt_pcalm step 0 loss 1.1008
ttt_pcalm step 250 loss 0.7019
ttt_pcalm step 500 loss 0.5829
ttt_pcalm step 750 loss 0.5575
ttt_pcalm step 1000 loss 0.5740
ttt_pcalm step 1250 loss 0.5127
ttt_pcalm step 1500 loss 0.6282
ttt_pcalm step 1750 loss 0.6285
ttt_pcalm step 2000 loss 0.6698
ttt_pcalm step 2250 loss 0.6666
ttt_pcalm step 2500 loss 0.6691
ttt_pcalm step 2750 loss 0.6754
ttt_pcalm step 2999 loss 0.6741
== ttt_pcalm: held-out attrs pooled NMSE n=2.0d 1.012/0.999  n=4.0d 1.005/0.994  n=8.0d 1.002/0.993  | train attrs n=4d 0.940  (86s)
ttt_gd_full step 0 loss 0.9897
ttt_gd_full step 250 loss 0.7117
ttt_gd_full step 500 loss 0.5893
ttt_gd_full step 750 loss 0.6156
ttt_gd_full step 1000 loss 0.6439
ttt_gd_full step 1250 loss 0.5844
ttt_gd_full step 1500 loss 0.6387
ttt_gd_full step 1750 loss 0.6338
ttt_gd_full step 2000 loss 0.5946
ttt_gd_full step 2250 loss 0.5917
ttt_gd_full step 2500 loss 0.6181
ttt_gd_full step 2750 loss 0.5428
ttt_gd_full step 2999 loss 0.5757
== ttt_gd_full: held-out attrs pooled NMSE n=2.0d 1.107/1.092  n=4.0d 1.038/1.031  n=8.0d 0.983/0.984  | train attrs n=4d 0.837  (51s)
ttt_gd_official step 0 loss 0.8432
ttt_gd_official step 250 loss 0.6862
ttt_gd_official step 500 loss 0.6131
ttt_gd_official step 750 loss 0.6471
ttt_gd_official step 1000 loss 0.6250
ttt_gd_official step 1250 loss 0.6056
ttt_gd_official step 1500 loss 0.6469
ttt_gd_official step 1750 loss 0.6311
ttt_gd_official step 2000 loss 0.6406
ttt_gd_official step 2250 loss 0.6031
ttt_gd_official step 2500 loss 0.6017
ttt_gd_official step 2750 loss 0.6238
ttt_gd_official step 2999 loss 0.6112
== ttt_gd_official: held-out attrs pooled NMSE n=2.0d 1.039/1.033  n=4.0d 1.027/1.020  n=8.0d 0.980/0.970  | train attrs n=4d 0.867  (54s)
ttt_quad_ridge step 0 loss 1.3552
ttt_quad_ridge step 250 loss 0.7211
ttt_quad_ridge step 500 loss 0.5922
ttt_quad_ridge step 750 loss 0.5971
ttt_quad_ridge step 1000 loss 0.5656
ttt_quad_ridge step 1250 loss 0.5259
ttt_quad_ridge step 1500 loss 0.5568
ttt_quad_ridge step 1750 loss 0.5222
ttt_quad_ridge step 2000 loss 0.5084
ttt_quad_ridge step 2250 loss 0.5190
ttt_quad_ridge step 2500 loss 0.5069
ttt_quad_ridge step 2750 loss 0.4852
ttt_quad_ridge step 2999 loss 0.5100
== ttt_quad_ridge: held-out attrs pooled NMSE n=2.0d 1.072/1.064  n=4.0d 1.048/1.029  n=8.0d 1.012/0.987  | train attrs n=4d 0.716  (65s)
ttt_ridge step 0 loss 0.9769
ttt_ridge step 250 loss 0.9942
ttt_ridge step 500 loss 0.9475
ttt_ridge step 750 loss 0.9685
ttt_ridge step 1000 loss 0.9006
ttt_ridge step 1250 loss 0.7739
ttt_ridge step 1500 loss 0.8113
ttt_ridge step 1750 loss 0.7573
ttt_ridge step 2000 loss 0.7728
ttt_ridge step 2250 loss 0.7446
ttt_ridge step 2500 loss 0.7318
ttt_ridge step 2750 loss 0.7137
ttt_ridge step 2999 loss 0.7390
== ttt_ridge: held-out attrs pooled NMSE n=2.0d 1.047/1.021  n=4.0d 1.026/1.012  n=8.0d 1.018/1.010  | train attrs n=4d 1.024  (55s)
/usr/local/lib/python3.12/dist-packages/torch/nn/modules/transformer.py:392: UserWarning: enable_nested_tensor is True, but self.use_nested_tensor is False because encoder_layer.norm_first was True
  warnings.warn(
transformer step 0 loss 1.8326
transformer step 250 loss 0.6937
transformer step 500 loss 0.6012
transformer step 750 loss 0.5461
transformer step 1000 loss 0.4352
transformer step 1250 loss 0.4101
transformer step 1500 loss 0.3554
transformer step 1750 loss 0.3437
transformer step 2000 loss 0.3328
transformer step 2250 loss 0.3613
transformer step 2500 loss 0.3196
transformer step 2750 loss 0.3167
transformer step 2999 loss 0.3452
== transformer: held-out attrs pooled NMSE n=2.0d 1.193/1.181  n=4.0d 1.134/1.116  n=8.0d 1.090/1.075  | train attrs n=4d 0.465  (75s)
== probe_reference: held-out attrs pooled NMSE n=2.0d 0.463/0.446  n=4.0d 0.466/0.450  n=8.0d 0.466/0.452  | train attrs n=4d 0.461  (0s)
DONE
