/workspace/lifted_credit/exp_real_ttt.py:241: UserWarning: Converting a tensor with requires_grad=True to a scalar may lead to unexpected behavior.
Consider using tensor.detach() first. (Triggered internally at /pytorch/torch/csrc/autograd/generated/python_variable_methods.cpp:835.)
  curve.append(dict(step=step, loss=float(loss))); print(f'{name} step {step} loss {float(loss):.4f}', flush=True)
ttt_pcalm_sigma step 0 loss 1.0821
ttt_pcalm_sigma step 250 loss 0.7403
ttt_pcalm_sigma step 500 loss 0.7031
ttt_pcalm_sigma step 750 loss 0.7256
ttt_pcalm_sigma step 1000 loss 0.7510
ttt_pcalm_sigma step 1250 loss 0.7194
ttt_pcalm_sigma step 1500 loss 0.7476
ttt_pcalm_sigma step 1750 loss 0.7242
ttt_pcalm_sigma step 2000 loss 0.7419
ttt_pcalm_sigma step 2250 loss 0.7091
ttt_pcalm_sigma step 2500 loss 0.7053
ttt_pcalm_sigma step 2750 loss 0.7104
ttt_pcalm_sigma step 2999 loss 0.7317
== ttt_pcalm_sigma: held-out attrs pooled NMSE n=2.0d 1.002/0.994  n=4.0d 1.002/0.992  n=8.0d 1.002/0.992  | train attrs n=4d 1.000  (1455s)
ttt_gd_soft step 0 loss 0.7921
ttt_gd_soft step 250 loss 0.7393
ttt_gd_soft step 500 loss 0.7033
ttt_gd_soft step 750 loss 0.7258
ttt_gd_soft step 1000 loss 0.7530
ttt_gd_soft step 1250 loss 0.7211
ttt_gd_soft step 1500 loss 0.7487
ttt_gd_soft step 1750 loss 0.6898
ttt_gd_soft step 2000 loss 0.6909
ttt_gd_soft step 2250 loss 0.6712
ttt_gd_soft step 2500 loss 0.6575
ttt_gd_soft step 2750 loss 0.6668
ttt_gd_soft step 2999 loss 0.6860
== ttt_gd_soft: held-out attrs pooled NMSE n=2.0d 1.059/1.043  n=4.0d 1.013/1.005  n=8.0d 0.993/0.990  | train attrs n=4d 0.941  (144s)
ttt_pcalm step 0 loss 1.0659
ttt_pcalm step 250 loss 0.7840
ttt_pcalm step 500 loss 0.6996
ttt_pcalm step 750 loss 0.7212
ttt_pcalm step 1000 loss 0.7465
ttt_pcalm step 1250 loss 0.7165
ttt_pcalm step 1500 loss 0.7455
ttt_pcalm step 1750 loss 0.7223
ttt_pcalm step 2000 loss 0.7321
ttt_pcalm step 2250 loss 0.7046
ttt_pcalm step 2500 loss 0.6979
ttt_pcalm step 2750 loss 0.7010
ttt_pcalm step 2999 loss 0.7235
== ttt_pcalm: held-out attrs pooled NMSE n=2.0d 1.016/1.012  n=4.0d 1.005/1.000  n=8.0d 1.000/0.993  | train attrs n=4d 0.988  (218s)
ttt_gd_full step 0 loss 0.9655
ttt_gd_full step 250 loss 0.7557
ttt_gd_full step 500 loss 0.6824
ttt_gd_full step 750 loss 0.7007
ttt_gd_full step 1000 loss 0.7285
ttt_gd_full step 1250 loss 0.6998
ttt_gd_full step 1500 loss 0.7399
ttt_gd_full step 1750 loss 0.7023
ttt_gd_full step 2000 loss 0.7230
ttt_gd_full step 2250 loss 0.6875
ttt_gd_full step 2500 loss 0.6865
ttt_gd_full step 2750 loss 0.6888
ttt_gd_full step 2999 loss 0.7131
== ttt_gd_full: held-out attrs pooled NMSE n=2.0d 1.021/1.017  n=4.0d 1.011/1.008  n=8.0d 1.006/1.004  | train attrs n=4d 0.973  (266s)
ttt_gd_official step 0 loss 0.8281
ttt_gd_official step 250 loss 0.7339
ttt_gd_official step 500 loss 0.6896
ttt_gd_official step 750 loss 0.7109
ttt_gd_official step 1000 loss 0.7302
ttt_gd_official step 1250 loss 0.7000
ttt_gd_official step 1500 loss 0.7368
ttt_gd_official step 1750 loss 0.7074
ttt_gd_official step 2000 loss 0.7225
ttt_gd_official step 2250 loss 0.6883
ttt_gd_official step 2500 loss 0.6856
ttt_gd_official step 2750 loss 0.7066
ttt_gd_official step 2999 loss 0.7181
== ttt_gd_official: held-out attrs pooled NMSE n=2.0d 1.008/1.003  n=4.0d 1.011/1.006  n=8.0d 1.008/1.005  | train attrs n=4d 0.976  (363s)
ttt_quad_ridge step 0 loss 1.3748
ttt_quad_ridge step 250 loss 1.0583
ttt_quad_ridge step 500 loss 0.8673
ttt_quad_ridge step 750 loss 0.8237
ttt_quad_ridge step 1000 loss 0.7573
ttt_quad_ridge step 1250 loss 0.7214
ttt_quad_ridge step 1500 loss 0.7382
ttt_quad_ridge step 1750 loss 0.7102
ttt_quad_ridge step 2000 loss 0.7048
ttt_quad_ridge step 2250 loss 0.6918
ttt_quad_ridge step 2500 loss 0.6900
ttt_quad_ridge step 2750 loss 0.6886
ttt_quad_ridge step 2999 loss 0.7085
== ttt_quad_ridge: held-out attrs pooled NMSE n=2.0d 1.119/1.107  n=4.0d 1.064/1.060  n=8.0d 1.062/1.048  | train attrs n=4d 0.973  (44s)
ttt_ridge step 0 loss 0.9728
ttt_ridge step 250 loss 0.9929
ttt_ridge step 500 loss 0.9619
ttt_ridge step 750 loss 0.9748
ttt_ridge step 1000 loss 0.8993
ttt_ridge step 1250 loss 0.7926
ttt_ridge step 1500 loss 0.8102
ttt_ridge step 1750 loss 0.7593
ttt_ridge step 2000 loss 0.7825
ttt_ridge step 2250 loss 0.7301
ttt_ridge step 2500 loss 0.7215
ttt_ridge step 2750 loss 0.7228
