/workspace/lifted_credit/exp_real_ttt.py:241: UserWarning: Converting a tensor with requires_grad=True to a scalar may lead to unexpected behavior.
Consider using tensor.detach() first. (Triggered internally at /pytorch/torch/csrc/autograd/generated/python_variable_methods.cpp:835.)
  curve.append(dict(step=step, loss=float(loss))); print(f'{name} step {step} loss {float(loss):.4f}', flush=True)
ttt_pcalm_sigma step 0 loss 1.1275
ttt_pcalm_sigma step 250 loss 0.7024
ttt_pcalm_sigma step 500 loss 0.3248
ttt_pcalm_sigma step 750 loss 0.2690
ttt_pcalm_sigma step 1000 loss 0.2582
ttt_pcalm_sigma step 1250 loss 0.2417
ttt_pcalm_sigma step 1500 loss 0.2446
ttt_pcalm_sigma step 1750 loss 0.2092
ttt_pcalm_sigma step 2000 loss 0.1596
ttt_pcalm_sigma step 2250 loss 0.1569
ttt_pcalm_sigma step 2500 loss 0.1431
ttt_pcalm_sigma step 2750 loss 0.1642
ttt_pcalm_sigma step 2999 loss 0.1396
== ttt_pcalm_sigma: held-out attrs pooled NMSE n=2.0d 1.756/1.566  n=4.0d 0.809/0.743  n=8.0d 0.627/0.594  | train attrs n=4d 0.184  (2095s)
ttt_gd_soft step 0 loss 0.8127
ttt_gd_soft step 250 loss 0.0517
ttt_gd_soft step 500 loss 0.0307
ttt_gd_soft step 750 loss 0.0242
ttt_gd_soft step 1000 loss 0.0154
ttt_gd_soft step 1250 loss 0.0093
ttt_gd_soft step 1500 loss 0.0582
ttt_gd_soft step 1750 loss 0.0316
ttt_gd_soft step 2000 loss 0.0315
ttt_gd_soft step 2250 loss 0.0236
ttt_gd_soft step 2500 loss 0.0279
ttt_gd_soft step 2750 loss 0.0252
ttt_gd_soft step 2999 loss 0.0184
== ttt_gd_soft: held-out attrs pooled NMSE n=2.0d 2.495/0.825  n=4.0d 0.432/0.333  n=8.0d 0.275/0.247  | train attrs n=4d 0.035  (939s)
ttt_pcalm step 0 loss 1.0706
ttt_pcalm step 250 loss 0.1767
ttt_pcalm step 500 loss 0.0785
ttt_pcalm step 750 loss 0.0916
ttt_pcalm step 1000 loss 0.0033
ttt_pcalm step 1250 loss 0.0407
ttt_pcalm step 1500 loss 0.0602
ttt_pcalm step 1750 loss 0.0525
ttt_pcalm step 2000 loss 0.0734
ttt_pcalm step 2250 loss 0.0493
ttt_pcalm step 2500 loss 0.0775
ttt_pcalm step 2750 loss 0.0016
ttt_pcalm step 2999 loss 0.0314
== ttt_pcalm: held-out attrs pooled NMSE n=2.0d 1.294/1.179  n=4.0d 0.312/0.224  n=8.0d 0.301/0.189  | train attrs n=4d 0.066  (191s)
ttt_gd_full step 0 loss 1.0061
ttt_gd_full step 250 loss 0.5977
ttt_gd_full step 500 loss 0.4199
ttt_gd_full step 750 loss 0.4031
ttt_gd_full step 1000 loss 0.4043
ttt_gd_full step 1250 loss 0.4601
ttt_gd_full step 1500 loss 0.4435
ttt_gd_full step 1750 loss 0.3973
ttt_gd_full step 2000 loss 0.3746
ttt_gd_full step 2250 loss 0.3833
ttt_gd_full step 2500 loss 0.4394
ttt_gd_full step 2750 loss 0.3747
ttt_gd_full step 2999 loss 0.3278
== ttt_gd_full: held-out attrs pooled NMSE n=2.0d 1.162/1.135  n=4.0d 1.008/1.037  n=8.0d 0.792/0.783  | train attrs n=4d 0.578  (81s)
ttt_gd_official step 0 loss 0.8359
ttt_gd_official step 250 loss 0.4962
ttt_gd_official step 500 loss 0.4758
ttt_gd_official step 750 loss 0.5261
ttt_gd_official step 1000 loss 0.4452
ttt_gd_official step 1250 loss 0.4475
ttt_gd_official step 1500 loss 0.4659
ttt_gd_official step 1750 loss 0.4835
ttt_gd_official step 2000 loss 0.5009
ttt_gd_official step 2250 loss 0.4553
ttt_gd_official step 2500 loss 0.4754
ttt_gd_official step 2750 loss 0.4346
ttt_gd_official step 2999 loss 0.4651
== ttt_gd_official: held-out attrs pooled NMSE n=2.0d 1.077/1.072  n=4.0d 1.014/1.006  n=8.0d 0.858/0.832  | train attrs n=4d 0.668  (45s)
ttt_quad_ridge step 0 loss 1.3054
ttt_quad_ridge step 250 loss 0.2770
ttt_quad_ridge step 500 loss 0.2232
ttt_quad_ridge step 750 loss 0.2199
ttt_quad_ridge step 1000 loss 0.1699
ttt_quad_ridge step 1250 loss 0.1352
ttt_quad_ridge step 1500 loss 0.1421
ttt_quad_ridge step 1750 loss 0.1273
ttt_quad_ridge step 2000 loss 0.1252
ttt_quad_ridge step 2250 loss 0.1186
ttt_quad_ridge step 2500 loss 0.1195
ttt_quad_ridge step 2750 loss 0.0980
ttt_quad_ridge step 2999 loss 0.1171
== ttt_quad_ridge: held-out attrs pooled NMSE n=2.0d 1.506/1.439  n=4.0d 1.461/1.397  n=8.0d 0.904/0.859  | train attrs n=4d 0.160  (50s)
ttt_ridge step 0 loss 0.9827
ttt_ridge step 250 loss 1.0461
ttt_ridge step 500 loss 0.9430
ttt_ridge step 750 loss 0.9841
ttt_ridge step 1000 loss 0.8875
ttt_ridge step 1250 loss 0.7665
ttt_ridge step 1500 loss 0.8308
ttt_ridge step 1750 loss 0.7542
ttt_ridge step 2000 loss 0.7736
ttt_ridge step 2250 loss 0.7633
ttt_ridge step 2500 loss 0.7376
ttt_ridge step 2750 loss 0.7302
ttt_ridge step 2999 loss 0.7369
== ttt_ridge: held-out attrs pooled NMSE n=2.0d 1.043/1.019  n=4.0d 1.023/1.010  n=8.0d 1.015/1.007  | train attrs n=4d 1.024  (39s)
/usr/local/lib/python3.12/dist-packages/torch/nn/modules/transformer.py:392: UserWarning: enable_nested_tensor is True, but self.use_nested_tensor is False because encoder_layer.norm_first was True
  warnings.warn(
transformer step 0 loss 1.8407
transformer step 250 loss 0.6195
transformer step 500 loss 0.1113
transformer step 750 loss 0.0313
transformer step 1000 loss 0.0187
transformer step 1250 loss 0.0122
transformer step 1500 loss 0.0095
transformer step 1750 loss 0.0093
transformer step 2000 loss 0.0072
transformer step 2250 loss 0.0056
transformer step 2500 loss 0.0050
transformer step 2750 loss 0.0064
transformer step 2999 loss 0.0048
== transformer: held-out attrs pooled NMSE n=2.0d 1.423/1.401  n=4.0d 1.410/1.398  n=8.0d 1.396/1.376  | train attrs n=4d 0.007  (40s)
== probe_reference: held-out attrs pooled NMSE n=2.0d 0.000/0.000  n=4.0d 0.000/0.000  n=8.0d 0.000/0.000  | train attrs n=4d 0.000  (0s)
DONE
