/workspace/lifted_credit/exp_real_ttt.py:249: UserWarning: Converting a tensor with requires_grad=True to a scalar may lead to unexpected behavior.
Consider using tensor.detach() first. (Triggered internally at /pytorch/torch/csrc/autograd/generated/python_variable_methods.cpp:835.)
  curve.append(dict(step=step, loss=float(loss))); print(f'{name} step {step} loss {float(loss):.4f}', flush=True)
ttt_pcalm_prox step 0 loss 0.8132
ttt_pcalm_prox step 250 loss 0.3120
ttt_pcalm_prox step 500 loss 0.2203
ttt_pcalm_prox step 750 loss 0.1569
ttt_pcalm_prox step 1000 loss 0.2000
ttt_pcalm_prox step 1250 loss 0.1400
ttt_pcalm_prox step 1500 loss 0.2245
ttt_pcalm_prox step 1750 loss 0.1306
ttt_pcalm_prox step 2000 loss 0.0923
ttt_pcalm_prox step 2250 loss 0.0913
ttt_pcalm_prox step 2500 loss 0.1737
ttt_pcalm_prox step 2750 loss 0.1200
ttt_pcalm_prox step 2999 loss 0.1365
== ttt_pcalm_prox: held-out attrs pooled NMSE n=2.0d 1.173/1.070  n=4.0d 0.932/0.868  n=8.0d 0.842/0.802  | train attrs n=4d 41.515  (341s)
ttt_pcalm_prox_nolam step 0 loss 0.8477
ttt_pcalm_prox_nolam step 250 loss 0.2432
ttt_pcalm_prox_nolam step 500 loss 0.0878
ttt_pcalm_prox_nolam step 750 loss 0.1193
ttt_pcalm_prox_nolam step 1000 loss 0.0874
ttt_pcalm_prox_nolam step 1250 loss 0.0792
ttt_pcalm_prox_nolam step 1500 loss 0.1014
ttt_pcalm_prox_nolam step 1750 loss 0.0772
ttt_pcalm_prox_nolam step 2000 loss 0.0655
ttt_pcalm_prox_nolam step 2250 loss 0.0774
ttt_pcalm_prox_nolam step 2500 loss 0.0744
ttt_pcalm_prox_nolam step 2750 loss 0.0747
ttt_pcalm_prox_nolam step 2999 loss 0.0496
== ttt_pcalm_prox_nolam: held-out attrs pooled NMSE n=2.0d 0.856/0.810  n=4.0d 0.759/0.720  n=8.0d 0.690/0.667  | train attrs n=4d 10.652  (250s)
DONE
