/workspace/lifted_credit/exp_real_ttt.py:249: UserWarning: Converting a tensor with requires_grad=True to a scalar may lead to unexpected behavior.
Consider using tensor.detach() first. (Triggered internally at /pytorch/torch/csrc/autograd/generated/python_variable_methods.cpp:835.)
  curve.append(dict(step=step, loss=float(loss))); print(f'{name} step {step} loss {float(loss):.4f}', flush=True)
ttt_pcalm_prox step 0 loss 0.8948
ttt_pcalm_prox step 250 loss 0.7831
ttt_pcalm_prox step 500 loss 0.7679
ttt_pcalm_prox step 750 loss 0.7385
ttt_pcalm_prox step 1000 loss 0.7454
ttt_pcalm_prox step 1250 loss 0.7190
ttt_pcalm_prox step 1500 loss 0.7079
ttt_pcalm_prox step 1750 loss 0.6966
ttt_pcalm_prox step 2000 loss 0.6423
ttt_pcalm_prox step 2250 loss 0.6559
ttt_pcalm_prox step 2500 loss 0.6768
ttt_pcalm_prox step 2750 loss 0.6606
ttt_pcalm_prox step 2999 loss 0.6575
== ttt_pcalm_prox: held-out attrs pooled NMSE n=2.0d 0.782/0.767  n=4.0d 0.709/0.702  n=8.0d 0.676/0.667  | train attrs n=4d 0.861  (330s)
ttt_pcalm_prox_nolam step 0 loss 1.0218
ttt_pcalm_prox_nolam step 250 loss 0.7812
ttt_pcalm_prox_nolam step 500 loss 0.7669
ttt_pcalm_prox_nolam step 750 loss 0.7089
ttt_pcalm_prox_nolam step 1000 loss 0.6974
ttt_pcalm_prox_nolam step 1250 loss 0.6557
ttt_pcalm_prox_nolam step 1500 loss 0.6500
ttt_pcalm_prox_nolam step 1750 loss 0.6665
ttt_pcalm_prox_nolam step 2000 loss 0.6144
ttt_pcalm_prox_nolam step 2250 loss 0.6340
ttt_pcalm_prox_nolam step 2500 loss 0.6604
ttt_pcalm_prox_nolam step 2750 loss 0.6394
ttt_pcalm_prox_nolam step 2999 loss 0.6506
== ttt_pcalm_prox_nolam: held-out attrs pooled NMSE n=2.0d 0.798/0.778  n=4.0d 0.724/0.717  n=8.0d 0.688/0.677  | train attrs n=4d 0.848  (250s)
DONE
