Warning: You are sending unauthenticated requests to the HF Hub. Please set a HF_TOKEN to enable higher rate limits and faster downloads.
PCA-64 residual energy on test images: 0.0262
floor (true image projected on PCA basis): {'nmse_mean': 0.0665728971362114, 'nmse_median': 0.05739119276404381}
/workspace/lifted_credit/exp_pr_ttt.py:249: UserWarning: Converting a tensor with requires_grad=True to a scalar may lead to unexpected behavior.
Consider using tensor.detach() first. (Triggered internally at /pytorch/torch/csrc/autograd/generated/python_variable_methods.cpp:835.)
  curve.append(dict(step=step, loss=float(loss))); print(f'{name} step {step} nloss {float(loss):.4f}', flush=True)
pca_pcalm_robust step 0 nloss 0.1350
pca_pcalm_robust step 250 nloss 0.2991
pca_pcalm_robust step 500 nloss 0.3490
pca_pcalm_robust step 750 nloss 0.3784
pca_pcalm_robust step 999 nloss 0.1750
== pca_pcalm_robust: n=2.0m: nmse 0.761/0.272 succ 0.07  n=3.0m: nmse 0.177/0.094 succ 0.18  n=4.0m: nmse 0.102/0.081 succ 0.25  n=6.0m: nmse 0.089/0.076 succ 0.27  (287s)
pca_pcalm_prox step 0 nloss 0.1350
pca_pcalm_prox step 250 nloss 0.2991
pca_pcalm_prox step 500 nloss 0.3490
pca_pcalm_prox step 750 nloss 0.3784
pca_pcalm_prox step 999 nloss 0.1750
== pca_pcalm_prox: n=2.0m: nmse 0.761/0.272 succ 0.07  n=3.0m: nmse 0.177/0.094 succ 0.18  n=4.0m: nmse 0.102/0.081 succ 0.25  n=6.0m: nmse 0.089/0.076 succ 0.27  (246s)
pca_pcalm_prox_nolam step 0 nloss 0.9912
pca_pcalm_prox_nolam step 250 nloss 0.6732
pca_pcalm_prox_nolam step 500 nloss 0.4741
pca_pcalm_prox_nolam step 750 nloss 0.5002
pca_pcalm_prox_nolam step 999 nloss 0.3402
== pca_pcalm_prox_nolam: n=2.0m: nmse 0.975/0.847 succ 0.01  n=3.0m: nmse 0.283/0.113 succ 0.13  n=4.0m: nmse 0.138/0.086 succ 0.21  n=6.0m: nmse 0.139/0.081 succ 0.23  (248s)
DONE
