Warning: You are sending unauthenticated requests to the HF Hub. Please set a HF_TOKEN to enable higher rate limits and faster downloads.
PCA-64 residual energy on test images: 0.0262
floor (true image projected on PCA basis): {'nmse_mean': 0.0665728971362114, 'nmse_median': 0.05739119276404381}
/workspace/lifted_credit/exp_pr_ttt.py:267: UserWarning: Converting a tensor with requires_grad=True to a scalar may lead to unexpected behavior.
Consider using tensor.detach() first. (Triggered internally at /pytorch/torch/csrc/autograd/generated/python_variable_methods.cpp:835.)
  curve.append(dict(step=step, loss=float(loss))); print(f'{name} step {step} nloss {float(loss):.4f}', flush=True)
pca_pcalm_prox step 0 nloss 0.1350
pca_pcalm_prox step 250 nloss 0.2991
pca_pcalm_prox step 500 nloss 0.3490
pca_pcalm_prox step 750 nloss 0.3784
pca_pcalm_prox step 999 nloss 0.1750
   pca_pcalm_prox ens=8: n=2.0m: nmse 0.213/0.136  n=3.0m: nmse 0.109/0.090  n=4.0m: nmse 0.096/0.080  n=6.0m: nmse 0.088/0.075
== pca_pcalm_prox: n=2.0m: nmse 0.761/0.272 succ 0.07  n=3.0m: nmse 0.177/0.094 succ 0.18  n=4.0m: nmse 0.102/0.081 succ 0.25  n=6.0m: nmse 0.089/0.076 succ 0.27  (292s)
pca_gd_soft step 0 nloss 0.7625
pca_gd_soft step 250 nloss 0.4540
pca_gd_soft step 500 nloss 0.2080
pca_gd_soft step 750 nloss 0.3632
pca_gd_soft step 999 nloss 0.2448
   pca_gd_soft ens=8: n=2.0m: nmse 0.447/0.323  n=3.0m: nmse 0.120/0.092  n=4.0m: nmse 0.101/0.077  n=6.0m: nmse 0.111/0.073
== pca_gd_soft: n=2.0m: nmse 0.785/0.632 succ 0.01  n=3.0m: nmse 0.225/0.105 succ 0.17  n=4.0m: nmse 0.158/0.083 succ 0.25  n=6.0m: nmse 0.215/0.080 succ 0.27  (145s)
DONE
