/workspace/lifted_credit/exp_real_ttt.py:265: UserWarning: Converting a tensor with requires_grad=True to a scalar may lead to unexpected behavior.
Consider using tensor.detach() first. (Triggered internally at /pytorch/torch/csrc/autograd/generated/python_variable_methods.cpp:835.)
  curve.append(dict(step=step, loss=float(loss))); print(f'{name} step {step} loss {float(loss):.4f}', flush=True)
ttt_pcalm_prox step 0 loss 0.7649
ttt_pcalm_prox step 250 loss 0.0885
ttt_pcalm_prox step 500 loss 0.0837
ttt_pcalm_prox step 750 loss 0.0928
ttt_pcalm_prox step 1000 loss 0.1113
ttt_pcalm_prox step 1250 loss 0.0910
ttt_pcalm_prox step 1500 loss 0.0927
ttt_pcalm_prox step 1750 loss 0.0966
ttt_pcalm_prox step 2000 loss 0.0799
ttt_pcalm_prox step 2250 loss 0.1139
ttt_pcalm_prox step 2500 loss 0.1049
ttt_pcalm_prox step 2750 loss 0.0816
ttt_pcalm_prox step 2999 loss 0.0704
== ttt_pcalm_prox: held-out attrs pooled NMSE n=2.0d 0.913/0.867  n=4.0d 0.780/0.755  n=8.0d 0.720/0.718  | train attrs n=4d 4.527  (425s)
ttt_gd_soft step 0 loss 0.7231
ttt_gd_soft step 250 loss 0.0980
ttt_gd_soft step 500 loss 0.0623
ttt_gd_soft step 750 loss 0.0589
ttt_gd_soft step 1000 loss 0.0807
ttt_gd_soft step 1250 loss 0.0569
ttt_gd_soft step 1500 loss 0.0724
ttt_gd_soft step 1750 loss 0.0727
ttt_gd_soft step 2000 loss 0.0492
ttt_gd_soft step 2250 loss 0.1074
ttt_gd_soft step 2500 loss 0.0514
ttt_gd_soft step 2750 loss 0.0619
ttt_gd_soft step 2999 loss 0.0731
== ttt_gd_soft: held-out attrs pooled NMSE n=2.0d 2.411/0.768  n=4.0d 5.365/0.641  n=8.0d 2.961/0.601  | train attrs n=4d 71.160  (206s)
DONE
