/workspace/lifted_credit/exp_real_ttt.py:265: UserWarning: Converting a tensor with requires_grad=True to a scalar may lead to unexpected behavior.
Consider using tensor.detach() first. (Triggered internally at /pytorch/torch/csrc/autograd/generated/python_variable_methods.cpp:835.)
  curve.append(dict(step=step, loss=float(loss))); print(f'{name} step {step} loss {float(loss):.4f}', flush=True)
ttt_gd_full step 0 loss 1.0833
ttt_gd_full step 250 loss 0.7178
ttt_gd_full step 500 loss 0.6534
ttt_gd_full step 750 loss 0.6704
ttt_gd_full step 1000 loss 0.6872
ttt_gd_full step 1250 loss 0.6741
ttt_gd_full step 1500 loss 0.6744
ttt_gd_full step 1750 loss 0.6769
ttt_gd_full step 2000 loss 0.6523
ttt_gd_full step 2250 loss 0.6778
ttt_gd_full step 2500 loss 0.6323
ttt_gd_full step 2750 loss 0.7150
ttt_gd_full step 2999 loss 0.7143
== ttt_gd_full: held-out attrs pooled NMSE n=2.0d 0.804/0.761  n=4.0d 0.735/0.704  n=8.0d 0.702/0.680  | train attrs n=4d 0.873  (117s)
ttt_quad_ridge step 0 loss 1.4809
ttt_quad_ridge step 250 loss 1.0592
ttt_quad_ridge step 500 loss 0.8899
ttt_quad_ridge step 750 loss 0.7651
ttt_quad_ridge step 1000 loss 0.7387
ttt_quad_ridge step 1250 loss 0.6913
ttt_quad_ridge step 1500 loss 0.6976
ttt_quad_ridge step 1750 loss 0.6889
ttt_quad_ridge step 2000 loss 0.6530
ttt_quad_ridge step 2250 loss 0.6781
ttt_quad_ridge step 2500 loss 0.6495
ttt_quad_ridge step 2750 loss 0.7004
ttt_quad_ridge step 2999 loss 0.7023
== ttt_quad_ridge: held-out attrs pooled NMSE n=2.0d 0.910/0.894  n=4.0d 0.786/0.780  n=8.0d 0.728/0.718  | train attrs n=4d 0.868  (54s)
ttt_gd_official step 0 loss 0.8776
ttt_gd_official step 250 loss 0.6921
ttt_gd_official step 500 loss 0.6766
ttt_gd_official step 750 loss 0.6790
ttt_gd_official step 1000 loss 0.6965
ttt_gd_official step 1250 loss 0.6879
ttt_gd_official step 1500 loss 0.7101
ttt_gd_official step 1750 loss 0.7291
ttt_gd_official step 2000 loss 0.6956
ttt_gd_official step 2250 loss 0.7090
ttt_gd_official step 2500 loss 0.6596
ttt_gd_official step 2750 loss 0.7120
ttt_gd_official step 2999 loss 0.7452
== ttt_gd_official: held-out attrs pooled NMSE n=2.0d 0.920/0.927  n=4.0d 0.830/0.808  n=8.0d 0.751/0.726  | train attrs n=4d 0.900  (85s)
/usr/local/lib/python3.12/dist-packages/torch/nn/modules/transformer.py:392: UserWarning: enable_nested_tensor is True, but self.use_nested_tensor is False because encoder_layer.norm_first was True
  warnings.warn(
transformer step 0 loss 4.0429
transformer step 250 loss 0.6710
transformer step 500 loss 0.6107
transformer step 750 loss 0.5424
transformer step 1000 loss 0.5483
transformer step 1250 loss 0.5107
transformer step 1500 loss 0.4855
transformer step 1750 loss 0.4689
transformer step 2000 loss 0.4430
transformer step 2250 loss 0.4579
transformer step 2500 loss 0.4188
transformer step 2750 loss 0.4250
transformer step 2999 loss 0.4303
== transformer: held-out attrs pooled NMSE n=2.0d 0.984/0.967  n=4.0d 0.947/0.926  n=8.0d 0.936/0.921  | train attrs n=4d 0.547  (77s)
DONE
