/workspace/lifted_credit/exp_real_ttt.py:265: UserWarning: Converting a tensor with requires_grad=True to a scalar may lead to unexpected behavior.
Consider using tensor.detach() first. (Triggered internally at /pytorch/torch/csrc/autograd/generated/python_variable_methods.cpp:835.)
  curve.append(dict(step=step, loss=float(loss))); print(f'{name} step {step} loss {float(loss):.4f}', flush=True)
ttt_pcalm_prox step 0 loss 0.8404
ttt_pcalm_prox step 250 loss 0.7688
ttt_pcalm_prox step 500 loss 0.7323
ttt_pcalm_prox step 750 loss 0.6627
ttt_pcalm_prox step 1000 loss 0.6615
ttt_pcalm_prox step 1250 loss 0.6493
ttt_pcalm_prox step 1500 loss 0.6567
ttt_pcalm_prox step 1750 loss 0.6587
ttt_pcalm_prox step 2000 loss 0.6293
ttt_pcalm_prox step 2250 loss 0.6560
ttt_pcalm_prox step 2500 loss 0.6186
ttt_pcalm_prox step 2750 loss 0.6846
ttt_pcalm_prox step 2999 loss 0.6820
== ttt_pcalm_prox: held-out attrs pooled NMSE n=2.0d 0.790/0.776  n=4.0d 0.700/0.687  n=8.0d 0.661/0.651  | train attrs n=4d 0.843  (422s)
ttt_gd_soft step 0 loss 0.8246
ttt_gd_soft step 250 loss 0.7095
ttt_gd_soft step 500 loss 0.6397
ttt_gd_soft step 750 loss 0.6321
ttt_gd_soft step 1000 loss 0.6517
ttt_gd_soft step 1250 loss 0.6462
ttt_gd_soft step 1500 loss 0.6495
ttt_gd_soft step 1750 loss 0.6573
ttt_gd_soft step 2000 loss 0.6296
ttt_gd_soft step 2250 loss 0.6597
ttt_gd_soft step 2500 loss 0.6247
ttt_gd_soft step 2750 loss 0.6797
ttt_gd_soft step 2999 loss 0.6768
== ttt_gd_soft: held-out attrs pooled NMSE n=2.0d 0.777/0.748  n=4.0d 0.715/0.695  n=8.0d 0.684/0.675  | train attrs n=4d 0.842  (179s)
DONE
